Component: ARM Compiler 5.06 update 7 (build 960) Tool: armlink [4d3601]

==============================================================================

Section Cross References

    main.o(i.main) refers to strlen.o(.text) for strlen
    main.o(i.main) refers to sysctl.o(i.SysCtlClockFreqSet) for SysCtlClockFreqSet
    main.o(i.main) refers to application.o(i.vInitializeEventGroup) for vInitializeEventGroup
    main.o(i.main) refers to tiva_c_led.o(i.LEDPortInitialize) for LEDPortInitialize
    main.o(i.main) refers to tiva_c_led.o(i.LEDInitialize) for LEDInitialize
    main.o(i.main) refers to tiva_c_uart4.o(i.UART4PortKInitialize) for UART4PortKInitialize
    main.o(i.main) refers to tiva_c_uart4.o(i.UART4PortKGPIOInitialize) for UART4PortKGPIOInitialize
    main.o(i.main) refers to tiva_c_uart4.o(i.UART4Initialize) for UART4Initialize
    main.o(i.main) refers to tiva_c_uart4.o(i.UART4InitializeInterrupt) for UART4InitializeInterrupt
    main.o(i.main) refers to tiva_c_uart4.o(i.UART4SendData) for UART4SendData
    main.o(i.main) refers to tasks.o(i.xTaskCreate) for xTaskCreate
    main.o(i.main) refers to tasks.o(i.vTaskStartScheduler) for vTaskStartScheduler
    main.o(i.main) refers to main.o(.bss) for data
    main.o(i.main) refers to system_tm4c129.o(.data) for SystemCoreClock
    main.o(i.main) refers to main.o(.data) for led_blink_task
    main.o(i.main) refers to application.o(i.vLEDBlinkTask) for vLEDBlinkTask
    main.o(i.main) refers to application.o(i.vProcessReceiveMessage) for vProcessReceiveMessage
    main.o(i.main) refers to application.o(i.vGetLEDTaskInfo) for vGetLEDTaskInfo
    tiva_c_led.o(i.LEDInitialize) refers to gpio.o(i.GPIOPinTypeGPIOOutput) for GPIOPinTypeGPIOOutput
    tiva_c_led.o(i.LEDPortInitialize) refers to sysctl.o(i.SysCtlPeripheralEnable) for SysCtlPeripheralEnable
    tiva_c_led.o(i.LEDPortInitialize) refers to sysctl.o(i.SysCtlPeripheralReady) for SysCtlPeripheralReady
    tiva_c_led.o(i.TurnOffLED) refers to gpio.o(i.GPIOPinWrite) for GPIOPinWrite
    tiva_c_led.o(i.TurnOffLED) refers to tiva_c_led.o(.data) for LED_MASK
    tiva_c_led.o(i.TurnOnLED) refers to gpio.o(i.GPIOPinWrite) for GPIOPinWrite
    tiva_c_led.o(i.TurnOnLED) refers to tiva_c_led.o(.data) for LED_MASK
    application.o(i.vApplicationMallocFailedHook) refers to tiva_c_led.o(i.TurnOnLED) for TurnOnLED
    application.o(i.vApplicationMallocFailedHook) refers to strlen.o(.text) for strlen
    application.o(i.vApplicationMallocFailedHook) refers to tiva_c_uart4.o(i.UART4SendData) for UART4SendData
    application.o(i.vGetLEDTaskInfo) refers to tasks.o(i.vTaskGetInfo) for vTaskGetInfo
    application.o(i.vGetLEDTaskInfo) refers to tasks.o(i.vTaskDelay) for vTaskDelay
    application.o(i.vGetLEDTaskInfo) refers to main.o(.data) for led_blink_task
    application.o(i.vInitializeEventGroup) refers to event_groups.o(i.xEventGroupCreate) for xEventGroupCreate
    application.o(i.vInitializeEventGroup) refers to application.o(.data) for led_events
    application.o(i.vInitializeMutex) refers to queue.o(i.xQueueCreateMutex) for xQueueCreateMutex
    application.o(i.vInitializeMutex) refers to application.o(.data) for mutex_handle
    application.o(i.vInitializeQueue) refers to queue.o(i.xQueueGenericCreate) for xQueueGenericCreate
    application.o(i.vInitializeQueue) refers to application.o(.data) for queue_handle
    application.o(i.vLEDBlinkTask) refers to tiva_c_led.o(i.TurnOnLED) for TurnOnLED
    application.o(i.vLEDBlinkTask) refers to tasks.o(i.vTaskDelay) for vTaskDelay
    application.o(i.vLEDBlinkTask) refers to tiva_c_led.o(i.TurnOffLED) for TurnOffLED
    application.o(i.vLEDEventHandlerTask) refers to event_groups.o(i.xEventGroupWaitBits) for xEventGroupWaitBits
    application.o(i.vLEDEventHandlerTask) refers to tiva_c_led.o(i.TurnOnLED) for TurnOnLED
    application.o(i.vLEDEventHandlerTask) refers to tiva_c_led.o(i.TurnOffLED) for TurnOffLED
    application.o(i.vLEDEventHandlerTask) refers to application.o(.data) for led_events
    application.o(i.vLEDNotificationHandlerTask) refers to tasks.o(i.xTaskNotifyWait) for xTaskNotifyWait
    application.o(i.vLEDNotificationHandlerTask) refers to tiva_c_led.o(i.TurnOnLED) for TurnOnLED
    application.o(i.vLEDNotificationHandlerTask) refers to tiva_c_led.o(i.TurnOffLED) for TurnOffLED
    application.o(i.vLEDOnEventTask) refers to event_groups.o(i.xEventGroupSetBits) for xEventGroupSetBits
    application.o(i.vLEDOnEventTask) refers to tasks.o(i.vTaskDelay) for vTaskDelay
    application.o(i.vLEDOnEventTask) refers to application.o(.data) for led_events
    application.o(i.vLEDOnNotifyTask) refers to tasks.o(i.xTaskGenericNotify) for xTaskGenericNotify
    application.o(i.vLEDOnNotifyTask) refers to tasks.o(i.vTaskDelay) for vTaskDelay
    application.o(i.vLEDOnNotifyTask) refers to main.o(.data) for led_notification_receiving_task
[...]
    ../clib/angel/sysapp.c                   0x00000000   Number         0  sys_exit.o ABSOLUTE
    ../clib/angel/sysapp.c                   0x00000000   Number         0  sys_command.o ABSOLUTE
    ../clib/angel/sysapp.c                   0x00000000   Number         0  sys_wrch.o ABSOLUTE
    ../clib/armsys.c                         0x00000000   Number         0  _get_argv_nomalloc.o ABSOLUTE
    ../clib/armsys.c                         0x00000000   Number         0  argv_veneer.o ABSOLUTE
    ../clib/armsys.c                         0x00000000   Number         0  no_argv.o ABSOLUTE
    ../clib/armsys.c                         0x00000000   Number         0  argv_veneer.o ABSOLUTE
    ../clib/heapalloc.c                      0x00000000   Number         0  hrguard.o ABSOLUTE
    ../clib/heapaux.c                        0x00000000   Number         0  heapauxi.o ABSOLUTE
    ../clib/libinit.s                        0x00000000   Number         0  libinit2.o ABSOLUTE
    ../clib/libinit.s                        0x00000000   Number         0  libshutdown.o ABSOLUTE
    ../clib/libinit.s                        0x00000000   Number         0  libshutdown2.o ABSOLUTE
    ../clib/libinit.s                        0x00000000   Number         0  libinit.o ABSOLUTE
    ../clib/memcpset.s                       0x00000000   Number         0  rt_memclr_w.o ABSOLUTE
    ../clib/memcpset.s                       0x00000000   Number         0  aeabi_memset.o ABSOLUTE
    ../clib/memcpset.s                       0x00000000   Number         0  memset.o ABSOLUTE
    ../clib/memcpset.s                       0x00000000   Number         0  rt_memcpy_v6.o ABSOLUTE
    ../clib/memcpset.s                       0x00000000   Number         0  rt_memcpy_w.o ABSOLUTE
    ../clib/memcpset.s                       0x00000000   Number         0  rt_memclr.o ABSOLUTE
    ../clib/signal.c                         0x00000000   Number         0  defsig_rtmem_inner.o ABSOLUTE
    ../clib/signal.c                         0x00000000   Number         0  defsig_other.o ABSOLUTE
    ../clib/signal.c                         0x00000000   Number         0  defsig_segv_inner.o ABSOLUTE
    ../clib/signal.c                         0x00000000   Number         0  defsig_cppl_inner.o ABSOLUTE
    ../clib/signal.c                         0x00000000   Number         0  defsig_stak_inner.o ABSOLUTE
    ../clib/signal.c                         0x00000000   Number         0  defsig_rtred_inner.o ABSOLUTE
    ../clib/signal.c                         0x00000000   Number         0  defsig_fpe_inner.o ABSOLUTE
    ../clib/signal.c                         0x00000000   Number         0  defsig_abrt_inner.o ABSOLUTE
    ../clib/signal.c                         0x00000000   Number         0  defsig_general.o ABSOLUTE
    ../clib/signal.c                         0x00000000   Number         0  __raise.o ABSOLUTE
    ../clib/signal.c                         0x00000000   Number         0  defsig_exit.o ABSOLUTE
    ../clib/signal.c                         0x00000000   Number         0  defsig_rtmem_formal.o ABSOLUTE
    ../clib/signal.c                         0x00000000   Number         0  defsig_rtmem_outer.o ABSOLUTE
    ../clib/signal.c                         0x00000000   Number         0  defsig_pvfn_inner.o ABSOLUTE
    ../clib/signal.s                         0x00000000   Number         0  defsig.o ABSOLUTE
    ../clib/stdlib.c                         0x00000000   Number         0  exit.o ABSOLUTE
    ../clib/string.c                         0x00000000   Number         0  strlen.o ABSOLUTE
    ../fplib/fpinit.s                        0x00000000   Number         0  fpinit.o ABSOLUTE
    C:\Users\alarkm.NCVE\AppData\Local\Arm\Packs\ARM\CMSIS-FreeRTOS\10.3.1\CMSIS\RTOS2\FreeRTOS\Source\freertos_evr.c 0x00000000   Number         0  freertos_evr.o ABSOLUTE
    C:\Users\alarkm.NCVE\AppData\Local\Arm\Packs\ARM\CMSIS-FreeRTOS\10.3.1\Source\croutine.c 0x00000000   Number         0  croutine.o ABSOLUTE
    C:\Users\alarkm.NCVE\AppData\Local\Arm\Packs\ARM\CMSIS-FreeRTOS\10.3.1\Source\event_groups.c 0x00000000   Number         0  event_groups.o ABSOLUTE
    C:\Users\alarkm.NCVE\AppData\Local\Arm\Packs\ARM\CMSIS-FreeRTOS\10.3.1\Source\list.c 0x00000000   Number         0  list.o ABSOLUTE
    C:\Users\alarkm.NCVE\AppData\Local\Arm\Packs\ARM\CMSIS-FreeRTOS\10.3.1\Source\portable\MemMang\heap_4.c 0x00000000   Number         0  heap_4.o ABSOLUTE
    C:\Users\alarkm.NCVE\AppData\Local\Arm\Packs\ARM\CMSIS-FreeRTOS\10.3.1\Source\portable\RVDS\ARM_CM4F\port.c 0x00000000   Number         0  port.o ABSOLUTE
    C:\Users\alarkm.NCVE\AppData\Local\Arm\Packs\ARM\CMSIS-FreeRTOS\10.3.1\Source\queue.c 0x00000000   Number         0  queue.o ABSOLUTE
    C:\Users\alarkm.NCVE\AppData\Local\Arm\Packs\ARM\CMSIS-FreeRTOS\10.3.1\Source\stream_buffer.c 0x00000000   Number         0  stream_buffer.o ABSOLUTE
    C:\Users\alarkm.NCVE\AppData\Local\Arm\Packs\ARM\CMSIS-FreeRTOS\10.3.1\Source\tasks.c 0x00000000   Number         0  tasks.o ABSOLUTE
    C:\Users\alarkm.NCVE\AppData\Local\Arm\Packs\ARM\CMSIS-FreeRTOS\10.3.1\Source\timers.c 0x00000000   Number         0  timers.o ABSOLUTE
    C:\\Users\\alarkm.NCVE\\AppData\\Local\\Arm\\Packs\\ARM\\CMSIS-FreeRTOS\\10.3.1\\Source\\portable\\RVDS\\ARM_CM4F\\port.c 0x00000000   Number         0  port.o ABSOLUTE
    RTE\Device\TM4C1294NCPDT\startup_TM4C129.s 0x00000000   Number         0  startup_tm4c129.o ABSOLUTE
    RTE\Device\TM4C1294NCPDT\system_TM4C129.c 0x00000000   Number         0  system_tm4c129.o ABSOLUTE
    RTE\\Device\\TM4C1294NCPDT\\system_TM4C129.c 0x00000000   Number         0  system_tm4c129.o ABSOLUTE
    application.c                            0x00000000   Number         0  application.o ABSOLUTE
    cpu.c                                    0x00000000   Number         0  cpu.o ABSOLUTE
    cpu.c                                    0x00000000   Number         0  cpu.o ABSOLUTE
    dc.s                                     0x00000000   Number         0  dc.o ABSOLUTE
    gpio.c                                   0x00000000   Number         0  gpio.o ABSOLUTE
    interrupt.c                              0x00000000   Number         0  interrupt.o ABSOLUTE
    main.c                                   0x00000000   Number         0  main.o ABSOLUTE
    sysctl.c                                 0x00000000   Number         0  sysctl.o ABSOLUTE
    sysctl.c                                 0x00000000   Number         0  sysctl.o ABSOLUTE
    tiva_c_led.c                             0x00000000   Number         0  tiva_c_led.o ABSOLUTE
    tiva_c_uart4.c                           0x00000000   Number         0  tiva_c_uart4.o ABSOLUTE
    uart.c                                   0x00000000   Number         0  uart.o ABSOLUTE
    !!!main                                  0x00000200   Section        8  __main.o(!!!main)
    !!!scatter                               0x00000208   Section       52  __scatter.o(!!!scatter)
    !!dczerorl                               0x0000023c   Section       58  __dczerorl.o(!!dczerorl)
    !!handler_zi                             0x00000278   Section       28  __scatter_zi.o(!!handler_zi)
    .ARM.Collect$$libinit$$00000000          0x00000294   Section        2  libinit.o(.ARM.Collect$$libinit$$00000000)
    .ARM.Collect$$libinit$$00000001          0x00000296   Section        4  libinit2.o(.ARM.Collect$$libinit$$00000001)
    .ARM.Collect$$libinit$$00000004          0x0000029a   Section        0  libinit2.o(.ARM.Collect$$libinit$$00000004)
    .ARM.Collect$$libinit$$0000000A          0x0000029a   Section        0  libinit2.o(.ARM.Collect$$libinit$$0000000A)
    .ARM.Collect$$libinit$$0000000C          0x0000029a   Section        0  libinit2.o(.ARM.Collect$$libinit$$0000000C)
    .ARM.Collect$$libinit$$0000000E          0x0000029a   Section        0  libinit2.o(.ARM.Collect$$libinit$$0000000E)
    .ARM.Collect$$libinit$$00000011          0x0000029a   Section        0  libinit2.o(.ARM.Collect$$libinit$$00000011)
    .ARM.Collect$$libinit$$00000013          0x0000029a   Section        0  libinit2.o(.ARM.Collect$$libinit$$00000013)
    .ARM.Collect$$libinit$$00000015          0x0000029a   Section        0  libinit2.o(.ARM.Collect$$libinit$$00000015)
    .ARM.Collect$$libinit$$00000017          0x0000029a   Section        0  libinit2.o(.ARM.Collect$$libinit$$00000017)
    .ARM.Collect$$libinit$$00000019          0x0000029a   Section        0  libinit2.o(.ARM.Collect$$libinit$$00000019)
    .ARM.Collect$$libinit$$0000001B          0x0000029a   Section        0  libinit2.o(.ARM.Collect$$libinit$$0000001B)
    .ARM.Collect$$libinit$$0000001D          0x0000029a   Section        0  libinit2.o(.ARM.Collect$$libinit$$0000001D)
    .ARM.Collect$$libinit$$0000001F          0x0000029a   Section        0  libinit2.o(.ARM.Collect$$libinit$$0000001F)
    .ARM.Collect$$libinit$$00000021          0x0000029a   Section        0  libinit2.o(.ARM.Collect$$libinit$$00000021)
    .ARM.Collect$$libinit$$00000023          0x0000029a   Section        0  libinit2.o(.ARM.Collect$$libinit$$00000023)
    .ARM.Collect$$libinit$$00000025          0x0000029a   Section        0  libinit2.o(.ARM.Collect$$libinit$$00000025)
    .ARM.Collect$$libinit$$0000002C          0x0000029a   Section        0  libinit2.o(.ARM.Collect$$libinit$$0000002C)
    .ARM.Collect$$libinit$$0000002E          0x0000029a   Section        0  libinit2.o(.ARM.Collect$$libinit$$0000002E)
    .ARM.Collect$$libinit$$00000030          0x0000029a   Section        0  libinit2.o(.ARM.Collect$$libinit$$00000030)
    .ARM.Collect$$libinit$$00000032          0x0000029a   Section        0  libinit2.o(.ARM.Collect$$libinit$$00000032)
    .ARM.Collect$$libinit$$00000033          0x0000029a   Section        2  libinit2.o(.ARM.Collect$$libinit$$00000033)
    .ARM.Collect$$libshutdown$$00000000      0x0000029c   Section        2  libshutdown.o(.ARM.Collect$$libshutdown$$00000000)
    .ARM.Collect$$libshutdown$$00000002      0x0000029e   Section        0  libshutdown2.o(.ARM.Collect$$libshutdown$$00000002)
    .ARM.Collect$$libshutdown$$00000004      0x0000029e   Section        0  libshutdown2.o(.ARM.Collect$$libshutdown$$00000004)
    .ARM.Collect$$libshutdown$$00000006      0x0000029e   Section        0  libshutdown2.o(.ARM.Collect$$libshutdown$$00000006)
    .ARM.Collect$$libshutdown$$00000009      0x0000029e   Section        0  libshutdown2.o(.ARM.Collect$$libshutdown$$00000009)
    .ARM.Collect$$libshutdown$$0000000C      0x0000029e   Section        0  libshutdown2.o(.ARM.Collect$$libshutdown$$0000000C)
    .ARM.Collect$$libshutdown$$0000000E      0x0000029e   Section        0  libshutdown2.o(.ARM.Collect$$libshutdown$$0000000E)
    .ARM.Collect$$libshutdown$$00000011      0x0000029e   Section        0  libshutdown2.o(.ARM.Collect$$libshutdown$$00000011)
    .ARM.Collect$$libshutdown$$00000012      0x0000029e   Section        2  libshutdown2.o(.ARM.Collect$$libshutdown$$00000012)
    .ARM.Collect$$rtentry$$00000000          0x000002a0   Section        0  __rtentry.o(.ARM.Collect$$rtentry$$00000000)
    .ARM.Collect$$rtentry$$00000002          0x000002a0   Section        0  __rtentry2.o(.ARM.Collect$$rtentry$$00000002)
    .ARM.Collect$$rtentry$$00000004          0x000002a0   Section        6  __rtentry4.o(.ARM.Collect$$rtentry$$00000004)
    .ARM.Collect$$rtentry$$00000009          0x000002a6   Section        0  __rtentry2.o(.ARM.Collect$$rtentry$$00000009)
    .ARM.Collect$$rtentry$$0000000A          0x000002a6   Section        4  __rtentry2.o(.ARM.Collect$$rtentry$$0000000A)
    .ARM.Collect$$rtentry$$0000000C          0x000002aa   Section        0  __rtentry2.o(.ARM.Collect$$rtentry$$0000000C)
    .ARM.Collect$$rtentry$$0000000D          0x000002aa   Section        8  __rtentry2.o(.ARM.Collect$$rtentry$$0000000D)
    .ARM.Collect$$rtexit$$00000000           0x000002b2   Section        2  rtexit.o(.ARM.Collect$$rtexit$$00000000)
    .ARM.Collect$$rtexit$$00000002           0x000002b4   Section        0  rtexit2.o(.ARM.Collect$$rtexit$$00000002)
    .ARM.Collect$$rtexit$$00000003           0x000002b4   Section        4  rtexit2.o(.ARM.Collect$$rtexit$$00000003)
    .ARM.Collect$$rtexit$$00000004           0x000002b8   Section        6  rtexit2.o(.ARM.Collect$$rtexit$$00000004)
    .emb_text                                0x000002c0   Section      190  port.o(.emb_text)
    $v0                                      0x000002c0   Number         0  port.o(.emb_text)
    .text                                    0x00000380   Section      300  startup_tm4c129.o(.text)
    $v0                                      0x00000380   Number         0  startup_tm4c129.o(.text)
    .text                                    0x000004ac   Section        0  strlen.o(.text)
    .text                                    0x000004ea   Section      138  rt_memcpy_v6.o(.text)
    .text                                    0x00000574   Section       22  memset.o(.text)
    .text                                    0x0000058a   Section       16  aeabi_memset.o(.text)
    .text                                    0x0000059a   Section       78  rt_memclr_w.o(.text)
    .text                                    0x000005e8   Section        0  heapauxi.o(.text)
    .text                                    0x000005ee   Section      100  rt_memcpy_w.o(.text)
    .text                                    0x00000652   Section       68  rt_memclr.o(.text)
    .text                                    0x00000696   Section       74  sys_stackheap_outer.o(.text)
    .text                                    0x000006e0   Section        0  exit.o(.text)
    .text                                    0x000006f4   Section        8  libspace.o(.text)
    .text                                    0x000006fc   Section        0  sys_exit.o(.text)
    .text                                    0x00000708   Section        2  use_no_semi.o(.text)
    .text                                    0x0000070a   Section        0  indicate_semi.o(.text)
    i.GPIODirModeSet                         0x0000070a   Section        0  gpio.o(i.GPIODirModeSet)
    i.GPIOPadConfigSet                       0x00000734   Section        0  gpio.o(i.GPIOPadConfigSet)
    i.GPIOPinConfigure                       0x000008a4   Section        0  gpio.o(i.GPIOPinConfigure)
    i.GPIOPinTypeGPIOOutput                  0x000008e8   Section        0  gpio.o(i.GPIOPinTypeGPIOOutput)
    i.GPIOPinTypeUART                        0x00000904   Section        0  gpio.o(i.GPIOPinTypeUART)
    i.GPIOPinWrite                           0x00000920   Section        0  gpio.o(i.GPIOPinWrite)
    i.InitializeStreamBuffer                 0x00000928   Section        0  tiva_c_uart4.o(i.InitializeStreamBuffer)
    i.IntEnable                              0x00000940   Section        0  interrupt.o(i.IntEnable)
    i.IntPrioritySet                         0x000009a4   Section        0  interrupt.o(i.IntPrioritySet)
    i.IntRegister                            0x000009cc   Section        0  interrupt.o(i.IntRegister)
    i.LEDInitialize                          0x00000a00   Section        0  tiva_c_led.o(i.LEDInitialize)
    i.LEDPortInitialize                      0x00000a1c   Section        0  tiva_c_led.o(i.LEDPortInitialize)
    i.SysCtlClockFreqSet                     0x00000a48   Section        0  sysctl.o(i.SysCtlClockFreqSet)
    i.SysCtlPeripheralEnable                 0x00000d34   Section        0  sysctl.o(i.SysCtlPeripheralEnable)
    i.SysCtlPeripheralReady                  0x00000d5c   Section        0  sysctl.o(i.SysCtlPeripheralReady)
    i.SysTick_Handler                        0x00000d88   Section        0  port.o(i.SysTick_Handler)
    i.SystemInit                             0x00000dbc   Section        0  system_tm4c129.o(i.SystemInit)
    i.TurnOffLED                             0x00000ddc   Section        0  tiva_c_led.o(i.TurnOffLED)
    i.TurnOnLED                              0x00000e1c   Section        0  tiva_c_led.o(i.TurnOnLED)
    i.UART4Initialize                        0x00000e5c   Section        0  tiva_c_uart4.o(i.UART4Initialize)
    i.UART4InitializeInterrupt               0x00000e88   Section        0  tiva_c_uart4.o(i.UART4InitializeInterrupt)
    i.UART4PortKGPIOInitialize               0x00000eac   Section        0  tiva_c_uart4.o(i.UART4PortKGPIOInitialize)
    i.UART4PortKInitialize                   0x00000ed0   Section        0  tiva_c_uart4.o(i.UART4PortKInitialize)
    i.UART4SendData                          0x00000f00   Section        0  tiva_c_uart4.o(i.UART4SendData)
    i.UART4_Handler                          0x00000f24   Section        0  tiva_c_uart4.o(i.UART4_Handler)
    i.UARTCharGetNonBlocking                 0x00000f84   Section        0  uart.o(i.UARTCharGetNonBlocking)
    i.UARTCharPut                            0x00000f94   Section        0  uart.o(i.UARTCharPut)
    i.UARTCharsAvail                         0x00000fa0   Section        0  uart.o(i.UARTCharsAvail)
    i.UARTConfigSetExpClk                    0x00000faa   Section        0  uart.o(i.UARTConfigSetExpClk)
    i.UARTDisable                            0x00001018   Section        0  uart.o(i.UARTDisable)
    i.UARTFIFODisable                        0x00001036   Section        0  uart.o(i.UARTFIFODisable)
    i.UARTIntClear                           0x00001040   Section        0  uart.o(i.UARTIntClear)
    i.UARTIntEnable                          0x00001044   Section        0  uart.o(i.UARTIntEnable)
    i.UARTIntRegister                        0x0000104c   Section        0  uart.o(i.UARTIntRegister)
    i.UARTIntStatus                          0x000010a4   Section        0  uart.o(i.UARTIntStatus)
    i.eTaskConfirmSleepModeStatus            0x000010b0   Section        0  tasks.o(i.eTaskConfirmSleepModeStatus)
    i.eTaskGetState                          0x000010ec   Section        0  tasks.o(i.eTaskGetState)
    i.main                                   0x00001180   Section        0  main.o(i.main)
    i.prvAddCurrentTaskToDelayedList         0x000012a0   Section        0  tasks.o(i.prvAddCurrentTaskToDelayedList)
    prvAddCurrentTaskToDelayedList           0x000012a1   Thumb Code   134  tasks.o(i.prvAddCurrentTaskToDelayedList)
    i.prvAddNewTaskToReadyList               0x00001344   Section        0  tasks.o(i.prvAddNewTaskToReadyList)
    prvAddNewTaskToReadyList                 0x00001345   Thumb Code   156  tasks.o(i.prvAddNewTaskToReadyList)
    i.prvBytesInBuffer                       0x000013fc   Section        0  stream_buffer.o(i.prvBytesInBuffer)
    prvBytesInBuffer                         0x000013fd   Thumb Code    24  stream_buffer.o(i.prvBytesInBuffer)
    i.prvCheckTasksWaitingTermination        0x00001414   Section        0  tasks.o(i.prvCheckTasksWaitingTermination)
    prvCheckTasksWaitingTermination          0x00001415   Thumb Code    60  tasks.o(i.prvCheckTasksWaitingTermination)
    i.prvDeleteTCB                           0x0000145c   Section        0  tasks.o(i.prvDeleteTCB)
    prvDeleteTCB                             0x0000145d   Thumb Code    18  tasks.o(i.prvDeleteTCB)
    i.prvGetExpectedIdleTime                 0x00001470   Section        0  tasks.o(i.prvGetExpectedIdleTime)
    prvGetExpectedIdleTime                   0x00001471   Thumb Code    56  tasks.o(i.prvGetExpectedIdleTime)
    i.prvHeapInit                            0x000014bc   Section        0  heap_4.o(i.prvHeapInit)
    prvHeapInit                              0x000014bd   Thumb Code    98  heap_4.o(i.prvHeapInit)
    i.prvIdleTask                            0x00001538   Section        0  tasks.o(i.prvIdleTask)
    prvIdleTask                              0x00001539   Thumb Code   108  tasks.o(i.prvIdleTask)
    i.prvInitialiseNewStreamBuffer           0x000015b4   Section        0  stream_buffer.o(i.prvInitialiseNewStreamBuffer)
    prvInitialiseNewStreamBuffer             0x000015b5   Thumb Code    86  stream_buffer.o(i.prvInitialiseNewStreamBuffer)
    i.prvInitialiseNewTask                   0x0000160a   Section        0  tasks.o(i.prvInitialiseNewTask)
    prvInitialiseNewTask                     0x0000160b   Thumb Code   194  tasks.o(i.prvInitialiseNewTask)
    i.prvInitialiseTaskLists                 0x000016cc   Section        0  tasks.o(i.prvInitialiseTaskLists)
    prvInitialiseTaskLists                   0x000016cd   Thumb Code    70  tasks.o(i.prvInitialiseTaskLists)
    i.prvInsertBlockIntoFreeList             0x00001734   Section        0  heap_4.o(i.prvInsertBlockIntoFreeList)
    prvInsertBlockIntoFreeList               0x00001735   Thumb Code    96  heap_4.o(i.prvInsertBlockIntoFreeList)
    i.prvReadBytesFromBuffer                 0x0000179c   Section        0  stream_buffer.o(i.prvReadBytesFromBuffer)
    prvReadBytesFromBuffer                   0x0000179d   Thumb Code   202  stream_buffer.o(i.prvReadBytesFromBuffer)
    i.prvReadMessageFromBuffer               0x00001866   Section        0  stream_buffer.o(i.prvReadMessageFromBuffer)
    prvReadMessageFromBuffer                 0x00001867   Thumb Code    72  stream_buffer.o(i.prvReadMessageFromBuffer)
    i.prvResetNextTaskUnblockTime            0x000018b0   Section        0  tasks.o(i.prvResetNextTaskUnblockTime)
    prvResetNextTaskUnblockTime              0x000018b1   Thumb Code    42  tasks.o(i.prvResetNextTaskUnblockTime)
    i.prvTaskCheckFreeStackSpace             0x000018e4   Section        0  tasks.o(i.prvTaskCheckFreeStackSpace)
    prvTaskCheckFreeStackSpace               0x000018e5   Thumb Code    22  tasks.o(i.prvTaskCheckFreeStackSpace)
    i.prvTaskExitError                       0x000018fc   Section        0  port.o(i.prvTaskExitError)
    prvTaskExitError                         0x000018fd   Thumb Code    60  port.o(i.prvTaskExitError)
    i.prvWriteBytesToBuffer                  0x0000193c   Section        0  stream_buffer.o(i.prvWriteBytesToBuffer)
    prvWriteBytesToBuffer                    0x0000193d   Thumb Code   186  stream_buffer.o(i.prvWriteBytesToBuffer)
    i.prvWriteMessageToBuffer                0x000019f6   Section        0  stream_buffer.o(i.prvWriteMessageToBuffer)
    prvWriteMessageToBuffer                  0x000019f7   Thumb Code    92  stream_buffer.o(i.prvWriteMessageToBuffer)
    i.pvPortMalloc                           0x00001a54   Section        0  heap_4.o(i.pvPortMalloc)
    i.pxPortInitialiseStack                  0x00001ba8   Section        0  port.o(i.pxPortInitialiseStack)
    i.uxListRemove                           0x00001bd4   Section        0  list.o(i.uxListRemove)
    i.vApplicationMallocFailedHook           0x00001bfc   Section        0  application.o(i.vApplicationMallocFailedHook)
    i.vGetLEDTaskInfo                        0x00001c2c   Section        0  application.o(i.vGetLEDTaskInfo)
    i.vInitializeEventGroup                  0x00001c4c   Section        0  application.o(i.vInitializeEventGroup)
    i.vLEDBlinkTask                          0x00001c5c   Section        0  application.o(i.vLEDBlinkTask)
    i.vListInitialise                        0x00001c94   Section        0  list.o(i.vListInitialise)
    i.vListInitialiseItem                    0x00001cae   Section        0  list.o(i.vListInitialiseItem)
    i.vListInsert                            0x00001cb4   Section        0  list.o(i.vListInsert)
    i.vListInsertEnd                         0x00001ce8   Section        0  list.o(i.vListInsertEnd)
    i.vPortEnterCritical                     0x00001d00   Section        0  port.o(i.vPortEnterCritical)
    i.vPortExitCritical                      0x00001d54   Section        0  port.o(i.vPortExitCritical)
    i.vPortFree                              0x00001d90   Section        0  heap_4.o(i.vPortFree)
    i.vPortSetupTimerInterrupt               0x00001e34   Section        0  port.o(i.vPortSetupTimerInterrupt)
    i.vPortSuppressTicksAndSleep             0x00001e9c   Section        0  port.o(i.vPortSuppressTicksAndSleep)
    i.vPortValidateInterruptPriority         0x00001fe8   Section        0  port.o(i.vPortValidateInterruptPriority)
    i.vProcessReceiveMessage                 0x00002060   Section        0  application.o(i.vProcessReceiveMessage)
    i.vTaskDelay                             0x0000208c   Section        0  tasks.o(i.vTaskDelay)
    i.vTaskGetInfo                           0x000020e8   Section        0  tasks.o(i.vTaskGetInfo)
    i.vTaskStartScheduler                    0x0000216c   Section        0  tasks.o(i.vTaskStartScheduler)
    i.vTaskStepTick                          0x000021f8   Section        0  tasks.o(i.vTaskStepTick)
    i.vTaskSuspendAll                        0x00002238   Section        0  tasks.o(i.vTaskSuspendAll)
    i.vTaskSwitchContext                     0x00002248   Section        0  tasks.o(i.vTaskSwitchContext)
    i.xEventGroupCreate                      0x000022d4   Section        0  event_groups.o(i.xEventGroupCreate)
    i.xPortStartScheduler                    0x000022f0   Section        0  port.o(i.xPortStartScheduler)
    i.xStreamBufferGenericCreate             0x00002458   Section        0  stream_buffer.o(i.xStreamBufferGenericCreate)
    i.xStreamBufferReceive                   0x000024f8   Section        0  stream_buffer.o(i.xStreamBufferReceive)
    i.xStreamBufferSendFromISR               0x000025f6   Section        0  stream_buffer.o(i.xStreamBufferSendFromISR)
    i.xStreamBufferSpacesAvailable           0x000026ae   Section        0  stream_buffer.o(i.xStreamBufferSpacesAvailable)
    i.xTaskCreate                            0x000026e4   Section        0  tasks.o(i.xTaskCreate)
    i.xTaskGenericNotify                     0x00002744   Section        0  tasks.o(i.xTaskGenericNotify)
    i.xTaskGenericNotifyFromISR              0x00002870   Section        0  tasks.o(i.xTaskGenericNotifyFromISR)
    i.xTaskGetCurrentTaskHandle              0x000029d8   Section        0  tasks.o(i.xTaskGetCurrentTaskHandle)
    i.xTaskIncrementTick                     0x000029e4   Section        0  tasks.o(i.xTaskIncrementTick)
    i.xTaskNotifyStateClear                  0x00002b2c   Section        0  tasks.o(i.xTaskNotifyStateClear)
    i.xTaskNotifyWait                        0x00002b60   Section        0  tasks.o(i.xTaskNotifyWait)
    i.xTaskResumeAll                         0x00002c00   Section        0  tasks.o(i.xTaskResumeAll)
    x$fpl$fpinit                             0x00002d04   Section       10  fpinit.o(x$fpl$fpinit)
    $v0                                      0x00002d04   Number         0  fpinit.o(x$fpl$fpinit)
    .constdata                               0x00002d10   Section      552  gpio.o(.constdata)
    g_ppui32GPIOIntMapBlizzard               0x00002d10   Data         192  gpio.o(.constdata)
    g_ppui32GPIOIntMapSnowflake              0x00002dd0   Data         216  gpio.o(.constdata)
    g_pui32GPIOBaseAddrs                     0x00002ea8   Data         144  gpio.o(.constdata)
    .constdata                               0x00002f38   Section      268  interrupt.o(.constdata)
    g_pui32Priority                          0x00002f38   Data          32  interrupt.o(.constdata)
    g_pui32Regs                              0x00002f58   Data         156  interrupt.o(.constdata)
    g_pui32EnRegs                            0x00002ff4   Data          20  interrupt.o(.constdata)
    g_pui32Dii16Regs                         0x00003008   Data          20  interrupt.o(.constdata)
    g_pui32PendRegs                          0x0000301c   Data          20  interrupt.o(.constdata)
    g_pui32UnpendRegs                        0x00003030   Data          20  interrupt.o(.constdata)
    .constdata                               0x00003044   Section      596  sysctl.o(.constdata)
    g_pui32VCOFrequencies                    0x00003044   Data           8  sysctl.o(.constdata)
    g_pui32Xtals                             0x0000304c   Data         108  sysctl.o(.constdata)
    g_pppui32XTALtoVCO                       0x000030b8   Data         432  sysctl.o(.constdata)
    g_sXTALtoMEMTIM                          0x00003268   Data          48  sysctl.o(.constdata)
    .constdata                               0x00003298   Section      128  uart.o(.constdata)
    g_ppui32UARTIntMap                       0x00003298   Data          64  uart.o(.constdata)
    g_ppui32UARTIntMapSnowflake              0x000032d8   Data          64  uart.o(.constdata)
    .data                                    0x20000000   Section        8  main.o(.data)
    .data                                    0x20000008   Section        4  tiva_c_led.o(.data)
    .data                                    0x2000000c   Section       12  application.o(.data)
    .data                                    0x20000018   Section        4  tiva_c_uart4.o(.data)
    .data                                    0x2000001c   Section        4  system_tm4c129.o(.data)
    .data                                    0x20000020   Section       32  heap_4.o(.data)
    xStart                                   0x20000020   Data           8  heap_4.o(.data)
    pxEnd                                    0x20000028   Data           4  heap_4.o(.data)
    xFreeBytesRemaining                      0x2000002c   Data           4  heap_4.o(.data)
    xMinimumEverFreeBytesRemaining           0x20000030   Data           4  heap_4.o(.data)
    xNumberOfSuccessfulAllocations           0x20000034   Data           4  heap_4.o(.data)
    xNumberOfSuccessfulFrees                 0x20000038   Data           4  heap_4.o(.data)
    xBlockAllocatedBit                       0x2000003c   Data           4  heap_4.o(.data)
    .data                                    0x20000040   Section       24  port.o(.data)
    uxCriticalNesting                        0x20000040   Data           4  port.o(.data)
    ulTimerCountsForOneTick                  0x20000044   Data           4  port.o(.data)
    xMaximumPossibleSuppressedTicks          0x20000048   Data           4  port.o(.data)
    ulStoppedTimerCompensation               0x2000004c   Data           4  port.o(.data)
    ucMaxSysCallPriority                     0x20000050   Data           1  port.o(.data)
    ulMaxPRIGROUPValue                       0x20000054   Data           4  port.o(.data)
    .data                                    0x20000058   Section       60  tasks.o(.data)
    pxDelayedTaskList                        0x2000005c   Data           4  tasks.o(.data)
    pxOverflowDelayedTaskList                0x20000060   Data           4  tasks.o(.data)
    uxDeletedTasksWaitingCleanUp             0x20000064   Data           4  tasks.o(.data)
    uxCurrentNumberOfTasks                   0x20000068   Data           4  tasks.o(.data)
    xTickCount                               0x2000006c   Data           4  tasks.o(.data)
    uxTopReadyPriority                       0x20000070   Data           4  tasks.o(.data)
    xSchedulerRunning                        0x20000074   Data           4  tasks.o(.data)
    xPendedTicks                             0x20000078   Data           4  tasks.o(.data)
    xYieldPending                            0x2000007c   Data           4  tasks.o(.data)
    xNumOfOverflows                          0x20000080   Data           4  tasks.o(.data)
    uxTaskNumber                             0x20000084   Data           4  tasks.o(.data)
    xNextTaskUnblockTime                     0x20000088   Data           4  tasks.o(.data)
    xIdleTaskHandle                          0x2000008c   Data           4  tasks.o(.data)
    uxSchedulerSuspended                     0x20000090   Data           4  tasks.o(.data)
    vtable                                   0x20000400   Section      620  interrupt.o(vtable)
    g_pfnRAMVectors                          0x20000400   Data         620  interrupt.o(vtable)
    .bss                                     0x2000066c   Section       16  main.o(.bss)
    .bss                                     0x2000067c   Section    20480  heap_4.o(.bss)
    ucHeap                                   0x2000067c   Data       20480  heap_4.o(.bss)
    .bss                                     0x2000567c   Section      180  tasks.o(.bss)
    pxReadyTasksLists                        0x2000567c   Data          80  tasks.o(.bss)
    xDelayedTaskList1                        0x200056cc   Data          20  tasks.o(.bss)
    xDelayedTaskList2                        0x200056e0   Data          20  tasks.o(.bss)
    xPendingReadyList                        0x200056f4   Data          20  tasks.o(.bss)
    xTasksWaitingTermination                 0x20005708   Data          20  tasks.o(.bss)
    xSuspendedTaskList                       0x2000571c   Data          20  tasks.o(.bss)
    .bss                                     0x20005730   Section       96  libspace.o(.bss)
    HEAP                                     0x20005790   Section        0  startup_tm4c129.o(HEAP)
    STACK                                    0x20005790   Section      512  startup_tm4c129.o(STACK)
    Heap_Mem                                 0x20005790   Data           0  startup_tm4c129.o(HEAP)
    Stack_Mem                                0x20005790   Data         512  startup_tm4c129.o(STACK)
    __initial_sp                             0x20005990   Data           0  startup_tm4c129.o(STACK)

    Global Symbols

    Symbol Name                              Value     Ov Type        Size  Object(Section)

    BuildAttributes$$THM_ISAv4$E$P$D$K$B$S$7EM$VFPi3$EXTD16$VFPS$VFMA$PE$A:L22UL41UL21$X:L11$S22US41US21$IEEE1$IW$USESV6$~STKCKD$USESV7$~SHL$OTIME$ROPI$EBA8$UX$STANDARDLIB$REQ8$PRES8$EABIv2 0x00000000   Number         0  anon$$obj.o ABSOLUTE
    __ARM_use_no_argv                        0x00000000   Number         0  main.o ABSOLUTE
    __Vectors                                0x00000000   Data           4  startup_tm4c129.o(RESET)
    __ARM_exceptions_init                     - Undefined Weak Reference
    __alloca_initialize                       - Undefined Weak Reference
    __arm_fini_                               - Undefined Weak Reference
    __arm_preinit_                            - Undefined Weak Reference
    __cpp_initialize__aeabi_                  - Undefined Weak Reference
    __cxa_finalize                            - Undefined Weak Reference
    __rt_locale                               - Undefined Weak Reference
    __sigvec_lookup                           - Undefined Weak Reference
    _atexit_init                              - Undefined Weak Reference
    _call_atexit_fns                          - Undefined Weak Reference
    _clock_init                               - Undefined Weak Reference
    _fp_trap_init                             - Undefined Weak Reference
    _fp_trap_shutdown                         - Undefined Weak Reference
    _get_lc_collate                           - Undefined Weak Reference
    _get_lc_ctype                             - Undefined Weak Reference
    _get_lc_monetary                          - Undefined Weak Reference
    _get_lc_numeric                           - Undefined Weak Reference
    _get_lc_time                              - Undefined Weak Reference
    _getenv_init                              - Undefined Weak Reference
    _handle_redirection                       - Undefined Weak Reference
    _init_alloc                               - Undefined Weak Reference
    _init_user_alloc                          - Undefined Weak Reference
    _initio                                   - Undefined Weak Reference
    _rand_init                                - Undefined Weak Reference
    _signal_finish                            - Undefined Weak Reference
    _signal_init                              - Undefined Weak Reference
    _terminate_alloc                          - Undefined Weak Reference
    _terminate_user_alloc                     - Undefined Weak Reference
    _terminateio                              - Undefined Weak Reference
    __Vectors_End                            0x00000200   Data           0  startup_tm4c129.o(RESET)
    __Vectors_Size                           0x00000200   Number         0  startup_tm4c129.o ABSOLUTE
    __main                                   0x00000201   Thumb Code     8  __main.o(!!!main)
    __scatterload                            0x00000209   Thumb Code     0  __scatter.o(!!!scatter)
    __scatterload_rt2                        0x00000209   Thumb Code    44  __scatter.o(!!!scatter)
    __scatterload_rt2_thumb_only             0x00000209   Thumb Code     0  __scatter.o(!!!scatter)
    __scatterload_null                       0x00000217   Thumb Code     0  __scatter.o(!!!scatter)
    __decompress                             0x0000023d   Thumb Code    58  __dczerorl.o(!!dczerorl)
    __decompress0                            0x0000023d   Thumb Code     0  __dczerorl.o(!!dczerorl)
    __scatterload_zeroinit                   0x00000279   Thumb Code    28  __scatter_zi.o(!!handler_zi)
    __rt_lib_init                            0x00000295   Thumb Code     0  libinit.o(.ARM.Collect$$libinit$$00000000)
    __rt_lib_init_fp_1                       0x00000297   Thumb Code     0  libinit2.o(.ARM.Collect$$libinit$$00000001)
    __rt_lib_init_alloca_1                   0x0000029b   Thumb Code     0  libinit2.o(.ARM.Collect$$libinit$$0000002E)
    __rt_lib_init_argv_1                     0x0000029b   Thumb Code     0  libinit2.o(.ARM.Collect$$libinit$$0000002C)
    __rt_lib_init_atexit_1                   0x0000029b   Thumb Code     0  libinit2.o(.ARM.Collect$$libinit$$0000001B)
    __rt_lib_init_clock_1                    0x0000029b   Thumb Code     0  libinit2.o(.ARM.Collect$$libinit$$00000021)
    __rt_lib_init_cpp_1                      0x0000029b   Thumb Code     0  libinit2.o(.ARM.Collect$$libinit$$00000032)
    __rt_lib_init_exceptions_1               0x0000029b   Thumb Code     0  libinit2.o(.ARM.Collect$$libinit$$00000030)
    __rt_lib_init_fp_trap_1                  0x0000029b   Thumb Code     0  libinit2.o(.ARM.Collect$$libinit$$0000001F)
    __rt_lib_init_getenv_1                   0x0000029b   Thumb Code     0  libinit2.o(.ARM.Collect$$libinit$$00000023)
    __rt_lib_init_heap_1                     0x0000029b   Thumb Code     0  libinit2.o(.ARM.Collect$$libinit$$0000000A)
    __rt_lib_init_lc_collate_1               0x0000029b   Thumb Code     0  libinit2.o(.ARM.Collect$$libinit$$00000011)
    __rt_lib_init_lc_ctype_1                 0x0000029b   Thumb Code     0  libinit2.o(.ARM.Collect$$libinit$$00000013)
    __rt_lib_init_lc_monetary_1              0x0000029b   Thumb Code     0  libinit2.o(.ARM.Collect$$libinit$$00000015)
    __rt_lib_init_lc_numeric_1               0x0000029b   Thumb Code     0  libinit2.o(.ARM.Collect$$libinit$$00000017)
    __rt_lib_init_lc_time_1                  0x0000029b   Thumb Code     0  libinit2.o(.ARM.Collect$$libinit$$00000019)
    __rt_lib_init_preinit_1                  0x0000029b   Thumb Code     0  libinit2.o(.ARM.Collect$$libinit$$00000004)
    __rt_lib_init_rand_1                     0x0000029b   Thumb Code     0  libinit2.o(.ARM.Collect$$libinit$$0000000E)
    __rt_lib_init_return                     0x0000029b   Thumb Code     0  libinit2.o(.ARM.Collect$$libinit$$00000033)
    __rt_lib_init_signal_1                   0x0000029b   Thumb Code     0  libinit2.o(.ARM.Collect$$libinit$$0000001D)
    __rt_lib_init_stdio_1                    0x0000029b   Thumb Code     0  libinit2.o(.ARM.Collect$$libinit$$00000025)
    __rt_lib_init_user_alloc_1               0x0000029b   Thumb Code     0  libinit2.o(.ARM.Collect$$libinit$$0000000C)
    __rt_lib_shutdown                        0x0000029d   Thumb Code     0  libshutdown.o(.ARM.Collect$$libshutdown$$00000000)
    __rt_lib_shutdown_cpp_1                  0x0000029f   Thumb Code     0  libshutdown2.o(.ARM.Collect$$libshutdown$$00000004)
    __rt_lib_shutdown_fini_1                 0x0000029f   Thumb Code     0  libshutdown2.o(.ARM.Collect$$libshutdown$$00000002)
    __rt_lib_shutdown_fp_trap_1              0x0000029f   Thumb Code     0  libshutdown2.o(.ARM.Collect$$libshutdown$$00000009)
    __rt_lib_shutdown_heap_1                 0x0000029f   Thumb Code     0  libshutdown2.o(.ARM.Collect$$libshutdown$$00000011)
    __rt_lib_shutdown_return                 0x0000029f   Thumb Code     0  libshutdown2.o(.ARM.Collect$$libshutdown$$00000012)
    __rt_lib_shutdown_signal_1               0x0000029f   Thumb Code     0  libshutdown2.o(.ARM.Collect$$libshutdown$$0000000C)
    __rt_lib_shutdown_stdio_1                0x0000029f   Thumb Code     0  libshutdown2.o(.ARM.Collect$$libshutdown$$00000006)
    __rt_lib_shutdown_user_alloc_1           0x0000029f   Thumb Code     0  libshutdown2.o(.ARM.Collect$$libshutdown$$0000000E)
    __rt_entry                               0x000002a1   Thumb Code     0  __rtentry.o(.ARM.Collect$$rtentry$$00000000)
    __rt_entry_presh_1                       0x000002a1   Thumb Code     0  __rtentry2.o(.ARM.Collect$$rtentry$$00000002)
    __rt_entry_sh                            0x000002a1   Thumb Code     0  __rtentry4.o(.ARM.Collect$$rtentry$$00000004)
    __rt_entry_li                            0x000002a7   Thumb Code     0  __rtentry2.o(.ARM.Collect$$rtentry$$0000000A)
    __rt_entry_postsh_1                      0x000002a7   Thumb Code     0  __rtentry2.o(.ARM.Collect$$rtentry$$00000009)
    __rt_entry_main                          0x000002ab   Thumb Code     0  __rtentry2.o(.ARM.Collect$$rtentry$$0000000D)
    __rt_entry_postli_1                      0x000002ab   Thumb Code     0  __rtentry2.o(.ARM.Collect$$rtentry$$0000000C)
    __rt_exit                                0x000002b3   Thumb Code     0  rtexit.o(.ARM.Collect$$rtexit$$00000000)
    __rt_exit_ls                             0x000002b5   Thumb Code     0  rtexit2.o(.ARM.Collect$$rtexit$$00000003)
    __rt_exit_prels_1                        0x000002b5   Thumb Code     0  rtexit2.o(.ARM.Collect$$rtexit$$00000002)
    __rt_exit_exit                           0x000002b9   Thumb Code     0  rtexit2.o(.ARM.Collect$$rtexit$$00000004)
    SVC_Handler                              0x000002c1   Thumb Code    28  port.o(.emb_text)
    __asm___6_port_c_39a90d8d__prvStartFirstTask 0x000002e1   Thumb Code    36  port.o(.emb_text)
    __asm___6_port_c_39a90d8d__prvEnableVFP  0x00000309   Thumb Code    16  port.o(.emb_text)
    PendSV_Handler                           0x0000031d   Thumb Code    88  port.o(.emb_text)
    vPortGetIPSR                             0x00000379   Thumb Code     6  port.o(.emb_text)
    Reset_Handler                            0x00000381   Thumb Code     8  startup_tm4c129.o(.text)
    NMI_Handler                              0x00000389   Thumb Code     2  startup_tm4c129.o(.text)
    HardFault_Handler                        0x0000038b   Thumb Code     2  startup_tm4c129.o(.text)
    MemManage_Handler                        0x0000038d   Thumb Code     2  startup_tm4c129.o(.text)
    BusFault_Handler                         0x0000038f   Thumb Code     2  startup_tm4c129.o(.text)
    UsageFault_Handler                       0x00000391   Thumb Code     2  startup_tm4c129.o(.text)
    DebugMon_Handler                         0x00000395   Thumb Code     2  startup_tm4c129.o(.text)
    GPIOA_Handler                            0x0000039b   Thumb Code     2  startup_tm4c129.o(.text)
    GPIOB_Handler                            0x0000039d   Thumb Code     2  startup_tm4c129.o(.text)
    GPIOC_Handler                            0x0000039f   Thumb Code     2  startup_tm4c129.o(.text)
    GPIOD_Handler                            0x000003a1   Thumb Code     2  startup_tm4c129.o(.text)
    GPIOE_Handler                            0x000003a3   Thumb Code     2  startup_tm4c129.o(.text)
    UART0_Handler                            0x000003a5   Thumb Code     2  startup_tm4c129.o(.text)
    UART1_Handler                            0x000003a7   Thumb Code     2  startup_tm4c129.o(.text)
    SSI0_Handler                             0x000003a9   Thumb Code     2  startup_tm4c129.o(.text)
    I2C0_Handler                             0x000003ab   Thumb Code     2  startup_tm4c129.o(.text)
    PMW0_FAULT_Handler                       0x000003ad   Thumb Code     2  startup_tm4c129.o(.text)
    PWM0_0_Handler                           0x000003af   Thumb Code     2  startup_tm4c129.o(.text)
    PWM0_1_Handler                           0x000003b1   Thumb Code     2  startup_tm4c129.o(.text)
    PWM0_2_Handler                           0x000003b3   Thumb Code     2  startup_tm4c129.o(.text)
    QEI0_Handler                             0x000003b5   Thumb Code     2  startup_tm4c129.o(.text)
    ADC0SS0_Handler                          0x000003b7   Thumb Code     2  startup_tm4c129.o(.text)
    ADC0SS1_Handler                          0x000003b9   Thumb Code     2  startup_tm4c129.o(.text)
    ADC0SS2_Handler                          0x000003bb   Thumb Code     2  startup_tm4c129.o(.text)
    ADC0SS3_Handler                          0x000003bd   Thumb Code     2  startup_tm4c129.o(.text)
    WDT0_Handler                             0x000003bf   Thumb Code     2  startup_tm4c129.o(.text)
    TIMER0A_Handler                          0x000003c1   Thumb Code     2  startup_tm4c129.o(.text)
    TIMER0B_Handler                          0x000003c3   Thumb Code     2  startup_tm4c129.o(.text)
    TIMER1A_Handler                          0x000003c5   Thumb Code     2  startup_tm4c129.o(.text)
    TIMER1B_Handler                          0x000003c7   Thumb Code     2  startup_tm4c129.o(.text)
    TIMER2A_Handler                          0x000003c9   Thumb Code     2  startup_tm4c129.o(.text)
    TIMER2B_Handler                          0x000003cb   Thumb Code     2  startup_tm4c129.o(.text)
    COMP0_Handler                            0x000003cd   Thumb Code     2  startup_tm4c129.o(.text)
    COMP1_Handler                            0x000003cf   Thumb Code     2  startup_tm4c129.o(.text)
    COMP2_Handler                            0x000003d1   Thumb Code     2  startup_tm4c129.o(.text)
    SYSCTL_Handler                           0x000003d3   Thumb Code     2  startup_tm4c129.o(.text)
    FLASH_Handler                            0x000003d5   Thumb Code     2  startup_tm4c129.o(.text)
    GPIOF_Handler                            0x000003d7   Thumb Code     2  startup_tm4c129.o(.text)
    GPIOG_Handler                            0x000003d9   Thumb Code     2  startup_tm4c129.o(.text)
    GPIOH_Handler                            0x000003db   Thumb Code     2  startup_tm4c129.o(.text)
    UART2_Handler                            0x000003dd   Thumb Code     2  startup_tm4c129.o(.text)
    SSI1_Handler                             0x000003df   Thumb Code     2  startup_tm4c129.o(.text)
    TIMER3A_Handler                          0x000003e1   Thumb Code     2  startup_tm4c129.o(.text)
    TIMER3B_Handler                          0x000003e3   Thumb Code     2  startup_tm4c129.o(.text)
    I2C1_Handler                             0x000003e5   Thumb Code     2  startup_tm4c129.o(.text)
    CAN0_Handler                             0x000003e7   Thumb Code     2  startup_tm4c129.o(.text)
    CAN1_Handler                             0x000003e9   Thumb Code     2  startup_tm4c129.o(.text)
    ETH_Handler                              0x000003eb   Thumb Code     2  startup_tm4c129.o(.text)
    HIB_Handler                              0x000003ed   Thumb Code     2  startup_tm4c129.o(.text)
    USB0_Handler                             0x000003ef   Thumb Code     2  startup_tm4c129.o(.text)
    PWM0_3_Handler                           0x000003f1   Thumb Code     2  startup_tm4c129.o(.text)
    UDMA_Handler                             0x000003f3   Thumb Code     2  startup_tm4c129.o(.text)
    UDMAERR_Handler                          0x000003f5   Thumb Code     2  startup_tm4c129.o(.text)
    ADC1SS0_Handler                          0x000003f7   Thumb Code     2  startup_tm4c129.o(.text)
    ADC1SS1_Handler                          0x000003f9   Thumb Code     2  startup_tm4c129.o(.text)
    ADC1SS2_Handler                          0x000003fb   Thumb Code     2  startup_tm4c129.o(.text)
    ADC1SS3_Handler                          0x000003fd   Thumb Code     2  startup_tm4c129.o(.text)
    EBI0_Handler                             0x000003ff   Thumb Code     2  startup_tm4c129.o(.text)
    GPIOJ_Handler                            0x00000401   Thumb Code     2  startup_tm4c129.o(.text)
    GPIOK_Handler                            0x00000403   Thumb Code     2  startup_tm4c129.o(.text)
    GPIOL_Handler                            0x00000405   Thumb Code     2  startup_tm4c129.o(.text)
    SSI2_Handler                             0x00000407   Thumb Code     2  startup_tm4c129.o(.text)
    SSI3_Handler                             0x00000409   Thumb Code     2  startup_tm4c129.o(.text)
    UART3_Handler                            0x0000040b   Thumb Code     2  startup_tm4c129.o(.text)
    UART5_Handler                            0x0000040f   Thumb Code     2  startup_tm4c129.o(.text)
    UART6_Handler                            0x00000411   Thumb Code     2  startup_tm4c129.o(.text)
    UART7_Handler                            0x00000413   Thumb Code     2  startup_tm4c129.o(.text)
    I2C2_Handler                             0x00000415   Thumb Code     2  startup_tm4c129.o(.text)
    I2C3_Handler                             0x00000417   Thumb Code     2  startup_tm4c129.o(.text)
    TIMER4A_Handler                          0x00000419   Thumb Code     2  startup_tm4c129.o(.text)
    TIMER4B_Handler                          0x0000041b   Thumb Code     2  startup_tm4c129.o(.text)
    TIMER5A_Handler                          0x0000041d   Thumb Code     2  startup_tm4c129.o(.text)
    TIMER5B_Handler                          0x0000041f   Thumb Code     2  startup_tm4c129.o(.text)
    WTIMER0A_Handler                         0x00000421   Thumb Code     2  startup_tm4c129.o(.text)
    WTIMER0B_Handler                         0x00000423   Thumb Code     2  startup_tm4c129.o(.text)
    WTIMER1A_Handler                         0x00000425   Thumb Code     2  startup_tm4c129.o(.text)
    WTIMER1B_Handler                         0x00000427   Thumb Code     2  startup_tm4c129.o(.text)
    WTIMER2A_Handler                         0x00000429   Thumb Code     2  startup_tm4c129.o(.text)
    WTIMER2B_Handler                         0x0000042b   Thumb Code     2  startup_tm4c129.o(.text)
    WTIMER3A_Handler                         0x0000042d   Thumb Code     2  startup_tm4c129.o(.text)
    WTIMER3B_Handler                         0x0000042f   Thumb Code     2  startup_tm4c129.o(.text)
    WTIMER4A_Handler                         0x00000431   Thumb Code     2  startup_tm4c129.o(.text)
    WTIMER4B_Handler                         0x00000433   Thumb Code     2  startup_tm4c129.o(.text)
    WTIMER5A_Handler                         0x00000435   Thumb Code     2  startup_tm4c129.o(.text)
    WTIMER5B_Handler                         0x00000437   Thumb Code     2  startup_tm4c129.o(.text)
    FPU_Handler                              0x00000439   Thumb Code     2  startup_tm4c129.o(.text)
    I2C4_Handler                             0x0000043b   Thumb Code     2  startup_tm4c129.o(.text)
    I2C5_Handler                             0x0000043d   Thumb Code     2  startup_tm4c129.o(.text)
    GPIOM_Handler                            0x0000043f   Thumb Code     2  startup_tm4c129.o(.text)
    GPION_Handler                            0x00000441   Thumb Code     2  startup_tm4c129.o(.text)
    TAMPER_Handler                           0x00000443   Thumb Code     2  startup_tm4c129.o(.text)
    GPIOP0_Handler                           0x00000445   Thumb Code     2  startup_tm4c129.o(.text)
    GPIOP1_Handler                           0x00000447   Thumb Code     2  startup_tm4c129.o(.text)
    GPIOP2_Handler                           0x00000449   Thumb Code     2  startup_tm4c129.o(.text)
    GPIOP3_Handler                           0x0000044b   Thumb Code     2  startup_tm4c129.o(.text)
    GPIOP4_Handler                           0x0000044d   Thumb Code     2  startup_tm4c129.o(.text)
    GPIOP5_Handler                           0x0000044f   Thumb Code     2  startup_tm4c129.o(.text)
    GPIOP6_Handler                           0x00000451   Thumb Code     2  startup_tm4c129.o(.text)
    GPIOP7_Handler                           0x00000453   Thumb Code     2  startup_tm4c129.o(.text)
    GPIOQ0_Handler                           0x00000455   Thumb Code     2  startup_tm4c129.o(.text)
    GPIOQ1_Handler                           0x00000457   Thumb Code     2  startup_tm4c129.o(.text)
    GPIOQ2_Handler                           0x00000459   Thumb Code     2  startup_tm4c129.o(.text)
    GPIOQ3_Handler                           0x0000045b   Thumb Code     2  startup_tm4c129.o(.text)
    GPIOQ4_Handler                           0x0000045d   Thumb Code     2  startup_tm4c129.o(.text)
    GPIOQ5_Handler                           0x0000045f   Thumb Code     2  startup_tm4c129.o(.text)
    GPIOQ6_Handler                           0x00000461   Thumb Code     2  startup_tm4c129.o(.text)
    GPIOQ7_Handler                           0x00000463   Thumb Code     2  startup_tm4c129.o(.text)
    GPIOR_Handler                            0x00000465   Thumb Code     2  startup_tm4c129.o(.text)
    GPIOS_Handler                            0x00000467   Thumb Code     2  startup_tm4c129.o(.text)
    SHAMD5_Handler                           0x00000469   Thumb Code     2  startup_tm4c129.o(.text)
    AES_Handler                              0x0000046b   Thumb Code     2  startup_tm4c129.o(.text)
    DES3DES_Handler                          0x0000046d   Thumb Code     2  startup_tm4c129.o(.text)
    LCDCONTROLLER_Handler                    0x0000046f   Thumb Code     2  startup_tm4c129.o(.text)
    TIMER6A_Handler                          0x00000471   Thumb Code     2  startup_tm4c129.o(.text)
    TIMER6B_Handler                          0x00000473   Thumb Code     2  startup_tm4c129.o(.text)
    TIMER7A_Handler                          0x00000475   Thumb Code     2  startup_tm4c129.o(.text)
    TIMER7B_Handler                          0x00000477   Thumb Code     2  startup_tm4c129.o(.text)
    I2C6_Handler                             0x00000479   Thumb Code     2  startup_tm4c129.o(.text)
    I2C7_Handler                             0x0000047b   Thumb Code     2  startup_tm4c129.o(.text)
    HIMSCANKEYBOARD_Handler                  0x0000047d   Thumb Code     2  startup_tm4c129.o(.text)
    ONEWIRE_Handler                          0x0000047f   Thumb Code     2  startup_tm4c129.o(.text)
    HIMPS2_Handler                           0x00000481   Thumb Code     2  startup_tm4c129.o(.text)
    HIMLEDSEQUENCER_Handler                  0x00000483   Thumb Code     2  startup_tm4c129.o(.text)
    HIMCONSUMERIR_Handler                    0x00000485   Thumb Code     2  startup_tm4c129.o(.text)
    I2C8_Handler                             0x00000487   Thumb Code     2  startup_tm4c129.o(.text)
    I2C9_Handler                             0x00000489   Thumb Code     2  startup_tm4c129.o(.text)
    GPIOT_Handler                            0x0000048b   Thumb Code     2  startup_tm4c129.o(.text)
    __user_initial_stackheap                 0x0000048d   Thumb Code     0  startup_tm4c129.o(.text)
    strlen                                   0x000004ad   Thumb Code    62  strlen.o(.text)
    __aeabi_memcpy                           0x000004eb   Thumb Code     0  rt_memcpy_v6.o(.text)
    __rt_memcpy                              0x000004eb   Thumb Code   138  rt_memcpy_v6.o(.text)
    _memcpy_lastbytes                        0x00000551   Thumb Code     0  rt_memcpy_v6.o(.text)
    memset                                   0x00000575   Thumb Code    22  memset.o(.text)
    __aeabi_memset                           0x0000058b   Thumb Code    16  aeabi_memset.o(.text)
    __aeabi_memclr4                          0x0000059b   Thumb Code     0  rt_memclr_w.o(.text)
    __aeabi_memclr8                          0x0000059b   Thumb Code     0  rt_memclr_w.o(.text)
    __rt_memclr_w                            0x0000059b   Thumb Code    78  rt_memclr_w.o(.text)
    _memset_w                                0x0000059f   Thumb Code     0  rt_memclr_w.o(.text)
    __use_two_region_memory                  0x000005e9   Thumb Code     2  heapauxi.o(.text)
    __rt_heap_escrow$2region                 0x000005eb   Thumb Code     2  heapauxi.o(.text)
    __rt_heap_expand$2region                 0x000005ed   Thumb Code     2  heapauxi.o(.text)
    __aeabi_memcpy4                          0x000005ef   Thumb Code     0  rt_memcpy_w.o(.text)
    __aeabi_memcpy8                          0x000005ef   Thumb Code     0  rt_memcpy_w.o(.text)
    __rt_memcpy_w                            0x000005ef   Thumb Code   100  rt_memcpy_w.o(.text)
    _memcpy_lastbytes_aligned                0x00000637   Thumb Code     0  rt_memcpy_w.o(.text)
    __aeabi_memclr                           0x00000653   Thumb Code     0  rt_memclr.o(.text)
    __rt_memclr                              0x00000653   Thumb Code    68  rt_memclr.o(.text)
    _memset                                  0x00000657   Thumb Code     0  rt_memclr.o(.text)
    __user_setup_stackheap                   0x00000697   Thumb Code    74  sys_stackheap_outer.o(.text)
    exit                                     0x000006e1   Thumb Code    18  exit.o(.text)
    __user_libspace                          0x000006f5   Thumb Code     8  libspace.o(.text)
    __user_perproc_libspace                  0x000006f5   Thumb Code     0  libspace.o(.text)
    __user_perthread_libspace                0x000006f5   Thumb Code     0  libspace.o(.text)
    _sys_exit                                0x000006fd   Thumb Code     8  sys_exit.o(.text)
    __I$use$semihosting                      0x00000709   Thumb Code     0  use_no_semi.o(.text)
    __use_no_semihosting_swi                 0x00000709   Thumb Code     2  use_no_semi.o(.text)
    GPIODirModeSet                           0x0000070b   Thumb Code    40  gpio.o(i.GPIODirModeSet)
    __semihosting_library_function           0x0000070b   Thumb Code     0  indicate_semi.o(.text)
    GPIOPadConfigSet                         0x00000735   Thumb Code   354  gpio.o(i.GPIOPadConfigSet)
    GPIOPinConfigure                         0x000008a5   Thumb Code    60  gpio.o(i.GPIOPinConfigure)
    GPIOPinTypeGPIOOutput                    0x000008e9   Thumb Code    28  gpio.o(i.GPIOPinTypeGPIOOutput)
    GPIOPinTypeUART                          0x00000905   Thumb Code    28  gpio.o(i.GPIOPinTypeUART)
    GPIOPinWrite                             0x00000921   Thumb Code     6  gpio.o(i.GPIOPinWrite)
    InitializeStreamBuffer                   0x00000929   Thumb Code    18  tiva_c_uart4.o(i.InitializeStreamBuffer)
    IntEnable                                0x00000941   Thumb Code    92  interrupt.o(i.IntEnable)
    IntPrioritySet                           0x000009a5   Thumb Code    36  interrupt.o(i.IntPrioritySet)
    IntRegister                              0x000009cd   Thumb Code    44  interrupt.o(i.IntRegister)
    LEDInitialize                            0x00000a01   Thumb Code    20  tiva_c_led.o(i.LEDInitialize)
    LEDPortInitialize                        0x00000a1d   Thumb Code    40  tiva_c_led.o(i.LEDPortInitialize)
    SysCtlClockFreqSet                       0x00000a49   Thumb Code   706  sysctl.o(i.SysCtlClockFreqSet)
    SysCtlPeripheralEnable                   0x00000d35   Thumb Code    36  sysctl.o(i.SysCtlPeripheralEnable)
    SysCtlPeripheralReady                    0x00000d5d   Thumb Code    40  sysctl.o(i.SysCtlPeripheralReady)
    SysTick_Handler                          0x00000d89   Thumb Code    46  port.o(i.SysTick_Handler)
    SystemInit                               0x00000dbd   Thumb Code    20  system_tm4c129.o(i.SystemInit)
    TurnOffLED                               0x00000ddd   Thumb Code    52  tiva_c_led.o(i.TurnOffLED)
    TurnOnLED                                0x00000e1d   Thumb Code    52  tiva_c_led.o(i.TurnOnLED)
    UART4Initialize                          0x00000e5d   Thumb Code    36  tiva_c_uart4.o(i.UART4Initialize)
    UART4InitializeInterrupt                 0x00000e89   Thumb Code    28  tiva_c_uart4.o(i.UART4InitializeInterrupt)
    UART4PortKGPIOInitialize                 0x00000ead   Thumb Code    24  tiva_c_uart4.o(i.UART4PortKGPIOInitialize)
    UART4PortKInitialize                     0x00000ed1   Thumb Code    40  tiva_c_uart4.o(i.UART4PortKInitialize)
    UART4SendData                            0x00000f01   Thumb Code    30  tiva_c_uart4.o(i.UART4SendData)
    UART4_Handler                            0x00000f25   Thumb Code    84  tiva_c_uart4.o(i.UART4_Handler)
    UARTCharGetNonBlocking                   0x00000f85   Thumb Code    16  uart.o(i.UARTCharGetNonBlocking)
    UARTCharPut                              0x00000f95   Thumb Code    12  uart.o(i.UARTCharPut)
    UARTCharsAvail                           0x00000fa1   Thumb Code    10  uart.o(i.UARTCharsAvail)
    UARTConfigSetExpClk                      0x00000fab   Thumb Code   110  uart.o(i.UARTConfigSetExpClk)
    UARTDisable                              0x00001019   Thumb Code    30  uart.o(i.UARTDisable)
    UARTFIFODisable                          0x00001037   Thumb Code    10  uart.o(i.UARTFIFODisable)
    UARTIntClear                             0x00001041   Thumb Code     4  uart.o(i.UARTIntClear)
    UARTIntEnable                            0x00001045   Thumb Code     8  uart.o(i.UARTIntEnable)
    UARTIntRegister                          0x0000104d   Thumb Code    70  uart.o(i.UARTIntRegister)
    UARTIntStatus                            0x000010a5   Thumb Code    10  uart.o(i.UARTIntStatus)
    eTaskConfirmSleepModeStatus              0x000010b1   Thumb Code    42  tasks.o(i.eTaskConfirmSleepModeStatus)
    eTaskGetState                            0x000010ed   Thumb Code   128  tasks.o(i.eTaskGetState)
    main                                     0x00001181   Thumb Code   182  main.o(i.main)
    pvPortMalloc                             0x00001a55   Thumb Code   316  heap_4.o(i.pvPortMalloc)
    pxPortInitialiseStack                    0x00001ba9   Thumb Code    38  port.o(i.pxPortInitialiseStack)
    uxListRemove                             0x00001bd5   Thumb Code    40  list.o(i.uxListRemove)
    vApplicationMallocFailedHook             0x00001bfd   Thumb Code    28  application.o(i.vApplicationMallocFailedHook)
    vGetLEDTaskInfo                          0x00001c2d   Thumb Code    28  application.o(i.vGetLEDTaskInfo)
    vInitializeEventGroup                    0x00001c4d   Thumb Code    12  application.o(i.vInitializeEventGroup)
    vLEDBlinkTask                            0x00001c5d   Thumb Code    52  application.o(i.vLEDBlinkTask)
    vListInitialise                          0x00001c95   Thumb Code    26  list.o(i.vListInitialise)
    vListInitialiseItem                      0x00001caf   Thumb Code     6  list.o(i.vListInitialiseItem)
    vListInsert                              0x00001cb5   Thumb Code    52  list.o(i.vListInsert)
    vListInsertEnd                           0x00001ce9   Thumb Code    24  list.o(i.vListInsertEnd)
    vPortEnterCritical                       0x00001d01   Thumb Code    76  port.o(i.vPortEnterCritical)
    vPortExitCritical                        0x00001d55   Thumb Code    56  port.o(i.vPortExitCritical)
    vPortFree                                0x00001d91   Thumb Code   150  heap_4.o(i.vPortFree)
    vPortSetupTimerInterrupt                 0x00001e35   Thumb Code    86  port.o(i.vPortSetupTimerInterrupt)
    vPortSuppressTicksAndSleep               0x00001e9d   Thumb Code   320  port.o(i.vPortSuppressTicksAndSleep)
    vPortValidateInterruptPriority           0x00001fe9   Thumb Code   106  port.o(i.vPortValidateInterruptPriority)
    vProcessReceiveMessage                   0x00002061   Thumb Code    40  application.o(i.vProcessReceiveMessage)
    vTaskDelay                               0x0000208d   Thumb Code    82  tasks.o(i.vTaskDelay)
    vTaskGetInfo                             0x000020e9   Thumb Code   126  tasks.o(i.vTaskGetInfo)
    vTaskStartScheduler                      0x0000216d   Thumb Code   110  tasks.o(i.vTaskStartScheduler)
    vTaskStepTick                            0x000021f9   Thumb Code    56  tasks.o(i.vTaskStepTick)
    vTaskSuspendAll                          0x00002239   Thumb Code    12  tasks.o(i.vTaskSuspendAll)
    vTaskSwitchContext                       0x00002249   Thumb Code   118  tasks.o(i.vTaskSwitchContext)
    xEventGroupCreate                        0x000022d5   Thumb Code    26  event_groups.o(i.xEventGroupCreate)
    xPortStartScheduler                      0x000022f1   Thumb Code   330  port.o(i.xPortStartScheduler)
    xStreamBufferGenericCreate               0x00002459   Thumb Code   160  stream_buffer.o(i.xStreamBufferGenericCreate)
    xStreamBufferReceive                     0x000024f9   Thumb Code   254  stream_buffer.o(i.xStreamBufferReceive)
    xStreamBufferSendFromISR                 0x000025f7   Thumb Code   184  stream_buffer.o(i.xStreamBufferSendFromISR)
    xStreamBufferSpacesAvailable             0x000026af   Thumb Code    54  stream_buffer.o(i.xStreamBufferSpacesAvailable)
    xTaskCreate                              0x000026e5   Thumb Code    96  tasks.o(i.xTaskCreate)
    xTaskGenericNotify                       0x00002745   Thumb Code   284  tasks.o(i.xTaskGenericNotify)
    xTaskGenericNotifyFromISR                0x00002871   Thumb Code   334  tasks.o(i.xTaskGenericNotifyFromISR)
    xTaskGetCurrentTaskHandle                0x000029d9   Thumb Code     6  tasks.o(i.xTaskGetCurrentTaskHandle)
    xTaskIncrementTick                       0x000029e5   Thumb Code   282  tasks.o(i.xTaskIncrementTick)
    xTaskNotifyStateClear                    0x00002b2d   Thumb Code    48  tasks.o(i.xTaskNotifyStateClear)
    xTaskNotifyWait                          0x00002b61   Thumb Code   150  tasks.o(i.xTaskNotifyWait)
    xTaskResumeAll                           0x00002c01   Thumb Code   224  tasks.o(i.xTaskResumeAll)
    _fp_init                                 0x00002d05   Thumb Code    10  fpinit.o(x$fpl$fpinit)
    __fplib_config_fpu_vfp                   0x00002d0d   Thumb Code     0  fpinit.o(x$fpl$fpinit)
    __fplib_config_pureend_doubles           0x00002d0d   Thumb Code     0  fpinit.o(x$fpl$fpinit)
    Region$$Table$$Base                      0x00003318   Number         0  anon$$obj.o(Region$$Table)
    Region$$Table$$Limit                     0x00003338   Number         0  anon$$obj.o(Region$$Table)
    led_notification_receiving_task          0x20000000   Data           4  main.o(.data)
    led_blink_task                           0x20000004   Data           4  main.o(.data)
    LED_MASK                                 0x20000008   Data           4  tiva_c_led.o(.data)
    mutex_handle                             0x2000000c   Data           4  application.o(.data)
    queue_handle                             0x20000010   Data           4  application.o(.data)
    led_events                               0x20000014   Data           4  application.o(.data)
    uart_stream_buffer                       0x20000018   Data           4  tiva_c_uart4.o(.data)
    SystemCoreClock                          0x2000001c   Data           4  system_tm4c129.o(.data)
    pxCurrentTCB                             0x20000058   Data           4  tasks.o(.data)
    data                                     0x2000066c   Data          16  main.o(.bss)
    __libspace_start                         0x20005730   Data          96  libspace.o(.bss)
    __temporary_stack_top$libspace           0x20005790   Data           0  libspace.o(.bss)



==============================================================================

Memory Map of the image

  Image Entry point : 0x00000201

  Load Region LR_IROM1 (Base: 0x00000000, Size: 0x000039a4, Max: 0x00100000, ABSOLUTE, COMPRESSED[0x00003358])

    Execution Region ER_IROM1 (Exec base: 0x00000000, Load base: 0x00000000, Size: 0x00003338, Max: 0x00100000, ABSOLUTE)

    Exec Addr    Load Addr    Size         Type   Attr      Idx    E Section Name        Object

    0x00000000   0x00000000   0x00000200   Data   RO          305    RESET               startup_tm4c129.o
    0x00000200   0x00000200   0x00000008   Code   RO         2592  * !!!main             c_w.l(__main.o)
    0x00000208   0x00000208   0x00000034   Code   RO         2757    !!!scatter          c_w.l(__scatter.o)
    0x0000023c   0x0000023c   0x0000003a   Code   RO         2755    !!dczerorl          c_w.l(__dczerorl.o)
    0x00000276   0x00000276   0x00000002   PAD
    0x00000278   0x00000278   0x0000001c   Code   RO         2759    !!handler_zi        c_w.l(__scatter_zi.o)
    0x00000294   0x00000294   0x00000002   Code   RO         2623    .ARM.Collect$$libinit$$00000000  c_w.l(libinit.o)
    0x00000296   0x00000296   0x00000004   Code   RO         2629    .ARM.Collect$$libinit$$00000001  c_w.l(libinit2.o)
    0x0000029a   0x0000029a   0x00000000   Code   RO         2632    .ARM.Collect$$libinit$$00000004  c_w.l(libinit2.o)
    0x0000029a   0x0000029a   0x00000000   Code   RO         2635    .ARM.Collect$$libinit$$0000000A  c_w.l(libinit2.o)
    0x0000029a   0x0000029a   0x00000000   Code   RO         2637    .ARM.Collect$$libinit$$0000000C  c_w.l(libinit2.o)
    0x0000029a   0x0000029a   0x00000000   Code   RO         2639    .ARM.Collect$$libinit$$0000000E  c_w.l(libinit2.o)
    0x0000029a   0x0000029a   0x00000000   Code   RO         2642    .ARM.Collect$$libinit$$00000011  c_w.l(libinit2.o)
    0x0000029a   0x0000029a   0x00000000   Code   RO         2644    .ARM.Collect$$libinit$$00000013  c_w.l(libinit2.o)
    0x0000029a   0x0000029a   0x00000000   Code   RO         2646    .ARM.Collect$$libinit$$00000015  c_w.l(libinit2.o)
    0x0000029a   0x0000029a   0x00000000   Code   RO         2648    .ARM.Collect$$libinit$$00000017  c_w.l(libinit2.o)
    0x0000029a   0x0000029a   0x00000000   Code   RO         2650    .ARM.Collect$$libinit$$00000019  c_w.l(libinit2.o)
    0x0000029a   0x0000029a   0x00000000   Code   RO         2652    .ARM.Collect$$libinit$$0000001B  c_w.l(libinit2.o)
    0x0000029a   0x0000029a   0x00000000   Code   RO         2654    .ARM.Collect$$libinit$$0000001D  c_w.l(libinit2.o)
    0x0000029a   0x0000029a   0x00000000   Code   RO         2656    .ARM.Collect$$libinit$$0000001F  c_w.l(libinit2.o)
    0x0000029a   0x0000029a   0x00000000   Code   RO         2658    .ARM.Collect$$libinit$$00000021  c_w.l(libinit2.o)
    0x0000029a   0x0000029a   0x00000000   Code   RO         2660    .ARM.Collect$$libinit$$00000023  c_w.l(libinit2.o)
    0x0000029a   0x0000029a   0x00000000   Code   RO         2662    .ARM.Collect$$libinit$$00000025  c_w.l(libinit2.o)
    0x0000029a   0x0000029a   0x00000000   Code   RO         2666    .ARM.Collect$$libinit$$0000002C  c_w.l(libinit2.o)
    0x0000029a   0x0000029a   0x00000000   Code   RO         2668    .ARM.Collect$$libinit$$0000002E  c_w.l(libinit2.o)
    0x0000029a   0x0000029a   0x00000000   Code   RO         2670    .ARM.Collect$$libinit$$00000030  c_w.l(libinit2.o)
    0x0000029a   0x0000029a   0x00000000   Code   RO         2672    .ARM.Collect$$libinit$$00000032  c_w.l(libinit2.o)
    0x0000029a   0x0000029a   0x00000002   Code   RO         2673    .ARM.Collect$$libinit$$00000033  c_w.l(libinit2.o)
    0x0000029c   0x0000029c   0x00000002   Code   RO         2693    .ARM.Collect$$libshutdown$$00000000  c_w.l(libshutdown.o)
    0x0000029e   0x0000029e   0x00000000   Code   RO         2706    .ARM.Collect$$libshutdown$$00000002  c_w.l(libshutdown2.o)
    0x0000029e   0x0000029e   0x00000000   Code   RO         2708    .ARM.Collect$$libshutdown$$00000004  c_w.l(libshutdown2.o)
    0x0000029e   0x0000029e   0x00000000   Code   RO         2710    .ARM.Collect$$libshutdown$$00000006  c_w.l(libshutdown2.o)
    0x0000029e   0x0000029e   0x00000000   Code   RO         2713    .ARM.Collect$$libshutdown$$00000009  c_w.l(libshutdown2.o)
    0x0000029e   0x0000029e   0x00000000   Code   RO         2716    .ARM.Collect$$libshutdown$$0000000C  c_w.l(libshutdown2.o)
    0x0000029e   0x0000029e   0x00000000   Code   RO         2718    .ARM.Collect$$libshutdown$$0000000E  c_w.l(libshutdown2.o)
    0x0000029e   0x0000029e   0x00000000   Code   RO         2721    .ARM.Collect$$libshutdown$$00000011  c_w.l(libshutdown2.o)
    0x0000029e   0x0000029e   0x00000002   Code   RO         2722    .ARM.Collect$$libshutdown$$00000012  c_w.l(libshutdown2.o)
    0x000002a0   0x000002a0   0x00000000   Code   RO         2594    .ARM.Collect$$rtentry$$00000000  c_w.l(__rtentry.o)
    0x000002a0   0x000002a0   0x00000000   Code   RO         2600    .ARM.Collect$$rtentry$$00000002  c_w.l(__rtentry2.o)
    0x000002a0   0x000002a0   0x00000006   Code   RO         2612    .ARM.Collect$$rtentry$$00000004  c_w.l(__rtentry4.o)
    0x000002a6   0x000002a6   0x00000000   Code   RO         2602    .ARM.Collect$$rtentry$$00000009  c_w.l(__rtentry2.o)
    0x000002a6   0x000002a6   0x00000004   Code   RO         2603    .ARM.Collect$$rtentry$$0000000A  c_w.l(__rtentry2.o)
    0x000002aa   0x000002aa   0x00000000   Code   RO         2605    .ARM.Collect$$rtentry$$0000000C  c_w.l(__rtentry2.o)
    0x000002aa   0x000002aa   0x00000008   Code   RO         2606    .ARM.Collect$$rtentry$$0000000D  c_w.l(__rtentry2.o)
    0x000002b2   0x000002b2   0x00000002   Code   RO         2627    .ARM.Collect$$rtexit$$00000000  c_w.l(rtexit.o)
    0x000002b4   0x000002b4   0x00000000   Code   RO         2675    .ARM.Collect$$rtexit$$00000002  c_w.l(rtexit2.o)
    0x000002b4   0x000002b4   0x00000004   Code   RO         2676    .ARM.Collect$$rtexit$$00000003  c_w.l(rtexit2.o)
    0x000002b8   0x000002b8   0x00000006   Code   RO         2677    .ARM.Collect$$rtexit$$00000004  c_w.l(rtexit2.o)
    0x000002be   0x000002be   0x00000002   PAD
    0x000002c0   0x000002c0   0x000000be   Code   RO          588    .emb_text           port.o
    0x0000037e   0x0000037e   0x00000002   PAD
    0x00000380   0x00000380   0x0000012c   Code   RO          306    .text               startup_tm4c129.o
    0x000004ac   0x000004ac   0x0000003e   Code   RO         2580    .text               c_w.l(strlen.o)
    0x000004ea   0x000004ea   0x0000008a   Code   RO         2582    .text               c_w.l(rt_memcpy_v6.o)
    0x00000574   0x00000574   0x00000016   Code   RO         2584    .text               c_w.l(memset.o)
    0x0000058a   0x0000058a   0x00000010   Code   RO         2586    .text               c_w.l(aeabi_memset.o)
    0x0000059a   0x0000059a   0x0000004e   Code   RO         2588    .text               c_w.l(rt_memclr_w.o)
    0x000005e8   0x000005e8   0x00000006   Code   RO         2590    .text               c_w.l(heapauxi.o)
    0x000005ee   0x000005ee   0x00000064   Code   RO         2595    .text               c_w.l(rt_memcpy_w.o)
    0x00000652   0x00000652   0x00000044   Code   RO         2597    .text               c_w.l(rt_memclr.o)
    0x00000696   0x00000696   0x0000004a   Code   RO         2614    .text               c_w.l(sys_stackheap_outer.o)
    0x000006e0   0x000006e0   0x00000012   Code   RO         2616    .text               c_w.l(exit.o)
    0x000006f2   0x000006f2   0x00000002   PAD
    0x000006f4   0x000006f4   0x00000008   Code   RO         2624    .text               c_w.l(libspace.o)
    0x000006fc   0x000006fc   0x0000000c   Code   RO         2685    .text               c_w.l(sys_exit.o)
    0x00000708   0x00000708   0x00000002   Code   RO         2696    .text               c_w.l(use_no_semi.o)
    0x0000070a   0x0000070a   0x00000000   Code   RO         2698    .text               c_w.l(indicate_semi.o)
    0x0000070a   0x0000070a   0x00000028   Code   RO         1477    i.GPIODirModeSet    driverlib.lib(gpio.o)
    0x00000732   0x00000732   0x00000002   PAD
    0x00000734   0x00000734   0x00000170   Code   RO         1489    i.GPIOPadConfigSet  driverlib.lib(gpio.o)
    0x000008a4   0x000008a4   0x00000044   Code   RO         1490    i.GPIOPinConfigure  driverlib.lib(gpio.o)
    0x000008e8   0x000008e8   0x0000001c   Code   RO         1501    i.GPIOPinTypeGPIOOutput  driverlib.lib(gpio.o)
    0x00000904   0x00000904   0x0000001c   Code   RO         1513    i.GPIOPinTypeUART   driverlib.lib(gpio.o)
    0x00000920   0x00000920   0x00000006   Code   RO         1519    i.GPIOPinWrite      driverlib.lib(gpio.o)
    0x00000926   0x00000926   0x00000002   PAD
    0x00000928   0x00000928   0x00000018   Code   RO          240    i.InitializeStreamBuffer  tiva_c_uart4.o
    0x00000940   0x00000940   0x00000064   Code   RO         1810    i.IntEnable         driverlib.lib(interrupt.o)
    0x000009a4   0x000009a4   0x00000028   Code   RO         1821    i.IntPrioritySet    driverlib.lib(interrupt.o)
    0x000009cc   0x000009cc   0x00000034   Code   RO         1822    i.IntRegister       driverlib.lib(interrupt.o)
    0x00000a00   0x00000a00   0x0000001c   Code   RO           83    i.LEDInitialize     tiva_c_led.o
    0x00000a1c   0x00000a1c   0x0000002c   Code   RO           84    i.LEDPortInitialize  tiva_c_led.o
    0x00000a48   0x00000a48   0x000002ec   Code   RO         1927    i.SysCtlClockFreqSet  driverlib.lib(sysctl.o)
    0x00000d34   0x00000d34   0x00000028   Code   RO         1959    i.SysCtlPeripheralEnable  driverlib.lib(sysctl.o)
    0x00000d5c   0x00000d5c   0x0000002c   Code   RO         1963    i.SysCtlPeripheralReady  driverlib.lib(sysctl.o)
    0x00000d88   0x00000d88   0x00000034   Code   RO          589    i.SysTick_Handler   port.o
    0x00000dbc   0x00000dbc   0x00000020   Code   RO          315    i.SystemInit        system_tm4c129.o
    0x00000ddc   0x00000ddc   0x00000040   Code   RO           85    i.TurnOffLED        tiva_c_led.o
    0x00000e1c   0x00000e1c   0x00000040   Code   RO           86    i.TurnOnLED         tiva_c_led.o
    0x00000e5c   0x00000e5c   0x0000002c   Code   RO          241    i.UART4Initialize   tiva_c_uart4.o
    0x00000e88   0x00000e88   0x00000024   Code   RO          242    i.UART4InitializeInterrupt  tiva_c_uart4.o
    0x00000eac   0x00000eac   0x00000024   Code   RO          243    i.UART4PortKGPIOInitialize  tiva_c_uart4.o
    0x00000ed0   0x00000ed0   0x00000030   Code   RO          244    i.UART4PortKInitialize  tiva_c_uart4.o
    0x00000f00   0x00000f00   0x00000024   Code   RO          245    i.UART4SendData     tiva_c_uart4.o
    0x00000f24   0x00000f24   0x00000060   Code   RO          246    i.UART4_Handler     tiva_c_uart4.o
    0x00000f84   0x00000f84   0x00000010   Code   RO         2280    i.UARTCharGetNonBlocking  driverlib.lib(uart.o)
    0x00000f94   0x00000f94   0x0000000c   Code   RO         2281    i.UARTCharPut       driverlib.lib(uart.o)
    0x00000fa0   0x00000fa0   0x0000000a   Code   RO         2283    i.UARTCharsAvail    driverlib.lib(uart.o)
    0x00000faa   0x00000faa   0x0000006e   Code   RO         2287    i.UARTConfigSetExpClk  driverlib.lib(uart.o)
    0x00001018   0x00001018   0x0000001e   Code   RO         2290    i.UARTDisable       driverlib.lib(uart.o)
    0x00001036   0x00001036   0x0000000a   Code   RO         2294    i.UARTFIFODisable   driverlib.lib(uart.o)
    0x00001040   0x00001040   0x00000004   Code   RO         2300    i.UARTIntClear      driverlib.lib(uart.o)
    0x00001044   0x00001044   0x00000008   Code   RO         2302    i.UARTIntEnable     driverlib.lib(uart.o)
    0x0000104c   0x0000104c   0x00000058   Code   RO         2303    i.UARTIntRegister   driverlib.lib(uart.o)
    0x000010a4   0x000010a4   0x0000000a   Code   RO         2304    i.UARTIntStatus     driverlib.lib(uart.o)
    0x000010ae   0x000010ae   0x00000002   PAD
    0x000010b0   0x000010b0   0x0000003c   Code   RO         1055    i.eTaskConfirmSleepModeStatus  tasks.o
    0x000010ec   0x000010ec   0x00000094   Code   RO         1056    i.eTaskGetState     tasks.o
    0x00001180   0x00001180   0x00000120   Code   RO            1    i.main              main.o
    0x000012a0   0x000012a0   0x000000a4   Code   RO         1058    i.prvAddCurrentTaskToDelayedList  tasks.o
    0x00001344   0x00001344   0x000000b8   Code   RO         1059    i.prvAddNewTaskToReadyList  tasks.o
    0x000013fc   0x000013fc   0x00000018   Code   RO          905    i.prvBytesInBuffer  stream_buffer.o
    0x00001414   0x00001414   0x00000048   Code   RO         1060    i.prvCheckTasksWaitingTermination  tasks.o
    0x0000145c   0x0000145c   0x00000012   Code   RO         1061    i.prvDeleteTCB      tasks.o
    0x0000146e   0x0000146e   0x00000002   PAD
    0x00001470   0x00001470   0x0000004c   Code   RO         1062    i.prvGetExpectedIdleTime  tasks.o
    0x000014bc   0x000014bc   0x0000007c   Code   RO          521    i.prvHeapInit       heap_4.o
    0x00001538   0x00001538   0x0000007c   Code   RO         1063    i.prvIdleTask       tasks.o
    0x000015b4   0x000015b4   0x00000056   Code   RO          906    i.prvInitialiseNewStreamBuffer  stream_buffer.o
    0x0000160a   0x0000160a   0x000000c2   Code   RO         1064    i.prvInitialiseNewTask  tasks.o
    0x000016cc   0x000016cc   0x00000068   Code   RO         1065    i.prvInitialiseTaskLists  tasks.o
    0x00001734   0x00001734   0x00000068   Code   RO          522    i.prvInsertBlockIntoFreeList  heap_4.o
    0x0000179c   0x0000179c   0x000000ca   Code   RO          907    i.prvReadBytesFromBuffer  stream_buffer.o
    0x00001866   0x00001866   0x00000048   Code   RO          908    i.prvReadMessageFromBuffer  stream_buffer.o
    0x000018ae   0x000018ae   0x00000002   PAD
    0x000018b0   0x000018b0   0x00000034   Code   RO         1067    i.prvResetNextTaskUnblockTime  tasks.o
    0x000018e4   0x000018e4   0x00000016   Code   RO         1069    i.prvTaskCheckFreeStackSpace  tasks.o
    0x000018fa   0x000018fa   0x00000002   PAD
    0x000018fc   0x000018fc   0x00000040   Code   RO          590    i.prvTaskExitError  port.o
    0x0000193c   0x0000193c   0x000000ba   Code   RO          909    i.prvWriteBytesToBuffer  stream_buffer.o
    0x000019f6   0x000019f6   0x0000005c   Code   RO          910    i.prvWriteMessageToBuffer  stream_buffer.o
    0x00001a52   0x00001a52   0x00000002   PAD
    0x00001a54   0x00001a54   0x00000154   Code   RO          523    i.pvPortMalloc      heap_4.o
    0x00001ba8   0x00001ba8   0x0000002c   Code   RO          591    i.pxPortInitialiseStack  port.o
    0x00001bd4   0x00001bd4   0x00000028   Code   RO          482    i.uxListRemove      list.o
    0x00001bfc   0x00001bfc   0x00000030   Code   RO          119    i.vApplicationMallocFailedHook  application.o
    0x00001c2c   0x00001c2c   0x00000020   Code   RO          120    i.vGetLEDTaskInfo   application.o
    0x00001c4c   0x00001c4c   0x00000010   Code   RO          121    i.vInitializeEventGroup  application.o
    0x00001c5c   0x00001c5c   0x00000038   Code   RO          124    i.vLEDBlinkTask     application.o
    0x00001c94   0x00001c94   0x0000001a   Code   RO          483    i.vListInitialise   list.o
    0x00001cae   0x00001cae   0x00000006   Code   RO          484    i.vListInitialiseItem  list.o
    0x00001cb4   0x00001cb4   0x00000034   Code   RO          485    i.vListInsert       list.o
    0x00001ce8   0x00001ce8   0x00000018   Code   RO          486    i.vListInsertEnd    list.o
    0x00001d00   0x00001d00   0x00000054   Code   RO          593    i.vPortEnterCritical  port.o
    0x00001d54   0x00001d54   0x0000003c   Code   RO          594    i.vPortExitCritical  port.o
    0x00001d90   0x00001d90   0x000000a4   Code   RO          524    i.vPortFree         heap_4.o
    0x00001e34   0x00001e34   0x00000068   Code   RO          595    i.vPortSetupTimerInterrupt  port.o
    0x00001e9c   0x00001e9c   0x0000014c   Code   RO          596    i.vPortSuppressTicksAndSleep  port.o
    0x00001fe8   0x00001fe8   0x00000078   Code   RO          597    i.vPortValidateInterruptPriority  port.o
    0x00002060   0x00002060   0x0000002c   Code   RO          129    i.vProcessReceiveMessage  application.o
    0x0000208c   0x0000208c   0x0000005c   Code   RO         1082    i.vTaskDelay        tasks.o
    0x000020e8   0x000020e8   0x00000084   Code   RO         1086    i.vTaskGetInfo      tasks.o
    0x0000216c   0x0000216c   0x0000008c   Code   RO         1098    i.vTaskStartScheduler  tasks.o
    0x000021f8   0x000021f8   0x00000040   Code   RO         1099    i.vTaskStepTick     tasks.o
    0x00002238   0x00002238   0x00000010   Code   RO         1101    i.vTaskSuspendAll   tasks.o
    0x00002248   0x00002248   0x0000008c   Code   RO         1102    i.vTaskSwitchContext  tasks.o
    0x000022d4   0x000022d4   0x0000001a   Code   RO          385    i.xEventGroupCreate  event_groups.o
    0x000022ee   0x000022ee   0x00000002   PAD
    0x000022f0   0x000022f0   0x00000168   Code   RO          598    i.xPortStartScheduler  port.o
    0x00002458   0x00002458   0x000000a0   Code   RO          916    i.xStreamBufferGenericCreate  stream_buffer.o
    0x000024f8   0x000024f8   0x000000fe   Code   RO          920    i.xStreamBufferReceive  stream_buffer.o
    0x000025f6   0x000025f6   0x000000b8   Code   RO          926    i.xStreamBufferSendFromISR  stream_buffer.o
    0x000026ae   0x000026ae   0x00000036   Code   RO          928    i.xStreamBufferSpacesAvailable  stream_buffer.o
    0x000026e4   0x000026e4   0x00000060   Code   RO         1106    i.xTaskCreate       tasks.o
    0x00002744   0x00002744   0x0000012c   Code   RO         1107    i.xTaskGenericNotify  tasks.o
    0x00002870   0x00002870   0x00000168   Code   RO         1108    i.xTaskGenericNotifyFromISR  tasks.o
    0x000029d8   0x000029d8   0x0000000c   Code   RO         1109    i.xTaskGetCurrentTaskHandle  tasks.o
    0x000029e4   0x000029e4   0x00000148   Code   RO         1115    i.xTaskIncrementTick  tasks.o
    0x00002b2c   0x00002b2c   0x00000034   Code   RO         1116    i.xTaskNotifyStateClear  tasks.o
    0x00002b60   0x00002b60   0x000000a0   Code   RO         1117    i.xTaskNotifyWait   tasks.o
    0x00002c00   0x00002c00   0x00000104   Code   RO         1121    i.xTaskResumeAll    tasks.o
    0x00002d04   0x00002d04   0x0000000a   Code   RO         2683    x$fpl$fpinit        fz_wm.l(fpinit.o)
    0x00002d0e   0x00002d0e   0x00000002   PAD
    0x00002d10   0x00002d10   0x00000228   Data   RO         1522    .constdata          driverlib.lib(gpio.o)
    0x00002f38   0x00002f38   0x0000010c   Data   RO         1826    .constdata          driverlib.lib(interrupt.o)
    0x00003044   0x00003044   0x00000254   Data   RO         1981    .constdata          driverlib.lib(sysctl.o)
    0x00003298   0x00003298   0x00000080   Data   RO         2320    .constdata          driverlib.lib(uart.o)
    0x00003318   0x00003318   0x00000020   Data   RO         2753    Region$$Table       anon$$obj.o


    Execution Region RW_IRAM1 (Exec base: 0x20000000, Load base: 0x00003338, Size: 0x00005990, Max: 0x00040000, ABSOLUTE, COMPRESSED[0x00000020])

    Exec Addr    Load Addr    Size         Type   Attr      Idx    E Section Name        Object

    0x20000000   COMPRESSED   0x00000008   Data   RW            3    .data               main.o
    0x20000008   COMPRESSED   0x00000004   Data   RW           87    .data               tiva_c_led.o
    0x2000000c   COMPRESSED   0x0000000c   Data   RW          133    .data               application.o
    0x20000018   COMPRESSED   0x00000004   Data   RW          247    .data               tiva_c_uart4.o
    0x2000001c   COMPRESSED   0x00000004   Data   RW          316    .data               system_tm4c129.o
    0x20000020   COMPRESSED   0x00000020   Data   RW          530    .data               heap_4.o
    0x20000040   COMPRESSED   0x00000018   Data   RW          599    .data               port.o
    0x20000058   COMPRESSED   0x0000003c   Data   RW         1124    .data               tasks.o
    0x20000094   COMPRESSED   0x0000036c   PAD
    0x20000400   COMPRESSED   0x0000026c   Data   RW         1827    vtable              driverlib.lib(interrupt.o)
    0x2000066c        -       0x00000010   Zero   RW            2    .bss                main.o
    0x2000067c        -       0x00005000   Zero   RW          529    .bss                heap_4.o
    0x2000567c        -       0x000000b4   Zero   RW         1123    .bss                tasks.o
    0x20005730        -       0x00000060   Zero   RW         2625    .bss                c_w.l(libspace.o)
    0x20005790        -       0x00000000   Zero   RW          304    HEAP                startup_tm4c129.o
    0x20005790        -       0x00000200   Zero   RW          303    STACK               startup_tm4c129.o


==============================================================================

Image component sizes


      Code (inc. data)   RO Data    RW Data    ZI Data      Debug   Object Name

       196         36          0         12          0       9349   application.o
        26          0          0          0          0      13008   event_groups.o
       732         72          0         32      20480       7715   heap_4.o
       148          0          0          0          0       3746   list.o
       288        106          0          8         16      17705   main.o
      1410        118          0         24          0      13770   port.o
       300         22        512          0        512       6044   startup_tm4c129.o
      1314          0          0          0          0      14770   stream_buffer.o
        32         12          0          4          0        731   system_tm4c129.o
      3370        424          0         60        180      29785   tasks.o
       200         36          0          4          0       2612   tiva_c_led.o
       320         60          0          4          0       4361   tiva_c_uart4.o

    ----------------------------------------------------------------------
      8348        886        544       1024      21188     123596   Object Totals
         0          0         32          0          0          0   (incl. Generated)
        12          0          0        876          0          0   (incl. Padding)

    ----------------------------------------------------------------------

      Code (inc. data)   RO Data    RW Data    ZI Data      Debug   Library Member Name

        58          0          0          0          0          0   __dczerorl.o
         8          0          0          0          0         68   __main.o
         0          0          0          0          0          0   __rtentry.o
        12          0          0          0          0          0   __rtentry2.o
         6          0          0          0          0          0   __rtentry4.o
        52          8          0          0          0          0   __scatter.o
        28          0          0          0          0          0   __scatter_zi.o
        16          0          0          0          0         68   aeabi_memset.o
        18          0          0          0          0         80   exit.o
         6          0          0          0          0        152   heapauxi.o
         0          0          0          0          0          0   indicate_semi.o
         2          0          0          0          0          0   libinit.o
         6          0          0          0          0          0   libinit2.o
         2          0          0          0          0          0   libshutdown.o
         2          0          0          0          0          0   libshutdown2.o
         8          4          0          0         96         68   libspace.o
        22          0          0          0          0         76   memset.o
        68          0          0          0          0         68   rt_memclr.o
        78          0          0          0          0         80   rt_memclr_w.o
       138          0          0          0          0         68   rt_memcpy_v6.o
       100          0          0          0          0         80   rt_memcpy_w.o
         2          0          0          0          0          0   rtexit.o
        10          0          0          0          0          0   rtexit2.o
        62          0          0          0          0         76   strlen.o
        12          4          0          0          0         68   sys_exit.o
        74          0          0          0          0         80   sys_stackheap_outer.o
         2          0          0          0          0         68   use_no_semi.o
       538         22        552          0          0       8056   gpio.o
       192         20        268        620          0       2783   interrupt.o
       832         50        596          0          0       5370   sysctl.o
       298         18        128          0          0       6754   uart.o
        10          0          0          0          0        116   fpinit.o

    ----------------------------------------------------------------------
      2676        126       1544        620         96      24179   Library Totals
        14          0          0          0          0          0   (incl. Padding)

    ----------------------------------------------------------------------

      Code (inc. data)   RO Data    RW Data    ZI Data      Debug   Library Name

       792         16          0          0         96       1100   c_w.l
      1860        110       1544        620          0      22963   driverlib.lib
        10          0          0          0          0        116   fz_wm.l

    ----------------------------------------------------------------------
      2676        126       1544        620         96      24179   Library Totals

    ----------------------------------------------------------------------

==============================================================================


      Code (inc. data)   RO Data    RW Data    ZI Data      Debug   

     11024       1012       2088       1644      21284     138355   Grand Totals
     11024       1012       2088         32      21284     138355   ELF Image Totals (compressed)
     11024       1012       2088         32          0          0   ROM Totals

==============================================================================

    Total RO  Size (Code + RO Data)                13112 (  12.80kB)
    Total RW  Size (RW Data + ZI Data)             22928 (  22.39kB)
    Total ROM Size (Code + RO Data + RW Data)      13144 (  12.84kB)

==============================================================================

